+ set -euo pipefail
+ REPO_ROOT=/home/gorgis/projects/genome/Genome_Analysis_26
+ cd /home/gorgis/projects/genome/Genome_Analysis_26
+ module load Trimmomatic/0.39-Java-17
+ '[' -z '' ']'
+ case "$-" in
+ __lmod_sh_dbg=x
+ '[' -n x ']'
+ set +x
Shell debugging temporarily silenced: export LMOD_SH_DBG_ON=1 for Lmod's output
Shell debugging restarted
+ unset __lmod_sh_dbg
+ return 0
+ RAW_DIR=data/1_Zhang_2017/transcriptomics_data/RNA-Seq_Serum/raw
+ OUT_DIR=data/tmp/5_trim_rna/serum
+ mkdir -p data/tmp/5_trim_rna/serum
+ ADAPT=/sw/arch/eb/software/Trimmomatic/0.39-Java-17/adapters/TruSeq3-PE.fa
+ for acc in ERR1797969 ERR1797970 ERR1797971
+ trimmomatic PE -threads 4 -phred33 data/1_Zhang_2017/transcriptomics_data/RNA-Seq_Serum/raw/ERR1797969_1.fastq.gz data/1_Zhang_2017/transcriptomics_data/RNA-Seq_Serum/raw/ERR1797969_2.fastq.gz data/tmp/5_trim_rna/serum/ERR1797969_1P.fq.gz data/tmp/5_trim_rna/serum/ERR1797969_1U.fq.gz data/tmp/5_trim_rna/serum/ERR1797969_2P.fq.gz data/tmp/5_trim_rna/serum/ERR1797969_2U.fq.gz ILLUMINACLIP:/sw/arch/eb/software/Trimmomatic/0.39-Java-17/adapters/TruSeq3-PE.fa:2:30:10 MINLEN:36
TrimmomaticPE: Started with arguments:
 -threads 4 -phred33 data/1_Zhang_2017/transcriptomics_data/RNA-Seq_Serum/raw/ERR1797969_1.fastq.gz data/1_Zhang_2017/transcriptomics_data/RNA-Seq_Serum/raw/ERR1797969_2.fastq.gz data/tmp/5_trim_rna/serum/ERR1797969_1P.fq.gz data/tmp/5_trim_rna/serum/ERR1797969_1U.fq.gz data/tmp/5_trim_rna/serum/ERR1797969_2P.fq.gz data/tmp/5_trim_rna/serum/ERR1797969_2U.fq.gz ILLUMINACLIP:/sw/arch/eb/software/Trimmomatic/0.39-Java-17/adapters/TruSeq3-PE.fa:2:30:10 MINLEN:36
Using PrefixPair: 'TACACTCTTTCCCTACACGACGCTCTTCCGATCT' and 'GTGACTGGAGTTCAGACGTGTGCTCTTCCGATCT'
ILLUMINACLIP: Using 1 prefix pairs, 0 forward/reverse sequences, 0 forward only sequences, 0 reverse only sequences
Input Read Pairs: 25937368 Both Surviving: 13647496 (52.62%) Forward Only Surviving: 11311502 (43.61%) Reverse Only Surviving: 0 (0.00%) Dropped: 978370 (3.77%)
TrimmomaticPE: Completed successfully
+ for acc in ERR1797969 ERR1797970 ERR1797971
+ trimmomatic PE -threads 4 -phred33 data/1_Zhang_2017/transcriptomics_data/RNA-Seq_Serum/raw/ERR1797970_1.fastq.gz data/1_Zhang_2017/transcriptomics_data/RNA-Seq_Serum/raw/ERR1797970_2.fastq.gz data/tmp/5_trim_rna/serum/ERR1797970_1P.fq.gz data/tmp/5_trim_rna/serum/ERR1797970_1U.fq.gz data/tmp/5_trim_rna/serum/ERR1797970_2P.fq.gz data/tmp/5_trim_rna/serum/ERR1797970_2U.fq.gz ILLUMINACLIP:/sw/arch/eb/software/Trimmomatic/0.39-Java-17/adapters/TruSeq3-PE.fa:2:30:10 MINLEN:36
TrimmomaticPE: Started with arguments:
 -threads 4 -phred33 data/1_Zhang_2017/transcriptomics_data/RNA-Seq_Serum/raw/ERR1797970_1.fastq.gz data/1_Zhang_2017/transcriptomics_data/RNA-Seq_Serum/raw/ERR1797970_2.fastq.gz data/tmp/5_trim_rna/serum/ERR1797970_1P.fq.gz data/tmp/5_trim_rna/serum/ERR1797970_1U.fq.gz data/tmp/5_trim_rna/serum/ERR1797970_2P.fq.gz data/tmp/5_trim_rna/serum/ERR1797970_2U.fq.gz ILLUMINACLIP:/sw/arch/eb/software/Trimmomatic/0.39-Java-17/adapters/TruSeq3-PE.fa:2:30:10 MINLEN:36
Using PrefixPair: 'TACACTCTTTCCCTACACGACGCTCTTCCGATCT' and 'GTGACTGGAGTTCAGACGTGTGCTCTTCCGATCT'
ILLUMINACLIP: Using 1 prefix pairs, 0 forward/reverse sequences, 0 forward only sequences, 0 reverse only sequences
Input Read Pairs: 26634380 Both Surviving: 15334022 (57.57%) Forward Only Surviving: 10176675 (38.21%) Reverse Only Surviving: 0 (0.00%) Dropped: 1123683 (4.22%)
TrimmomaticPE: Completed successfully
+ for acc in ERR1797969 ERR1797970 ERR1797971
+ trimmomatic PE -threads 4 -phred33 data/1_Zhang_2017/transcriptomics_data/RNA-Seq_Serum/raw/ERR1797971_1.fastq.gz data/1_Zhang_2017/transcriptomics_data/RNA-Seq_Serum/raw/ERR1797971_2.fastq.gz data/tmp/5_trim_rna/serum/ERR1797971_1P.fq.gz data/tmp/5_trim_rna/serum/ERR1797971_1U.fq.gz data/tmp/5_trim_rna/serum/ERR1797971_2P.fq.gz data/tmp/5_trim_rna/serum/ERR1797971_2U.fq.gz ILLUMINACLIP:/sw/arch/eb/software/Trimmomatic/0.39-Java-17/adapters/TruSeq3-PE.fa:2:30:10 MINLEN:36
TrimmomaticPE: Started with arguments:
 -threads 4 -phred33 data/1_Zhang_2017/transcriptomics_data/RNA-Seq_Serum/raw/ERR1797971_1.fastq.gz data/1_Zhang_2017/transcriptomics_data/RNA-Seq_Serum/raw/ERR1797971_2.fastq.gz data/tmp/5_trim_rna/serum/ERR1797971_1P.fq.gz data/tmp/5_trim_rna/serum/ERR1797971_1U.fq.gz data/tmp/5_trim_rna/serum/ERR1797971_2P.fq.gz data/tmp/5_trim_rna/serum/ERR1797971_2U.fq.gz ILLUMINACLIP:/sw/arch/eb/software/Trimmomatic/0.39-Java-17/adapters/TruSeq3-PE.fa:2:30:10 MINLEN:36
Using PrefixPair: 'TACACTCTTTCCCTACACGACGCTCTTCCGATCT' and 'GTGACTGGAGTTCAGACGTGTGCTCTTCCGATCT'
ILLUMINACLIP: Using 1 prefix pairs, 0 forward/reverse sequences, 0 forward only sequences, 0 reverse only sequences
java.io.IOException: Resource temporarily unavailable
	at java.base/java.io.FileOutputStream.writeBytes(Native Method)
	at java.base/java.io.FileOutputStream.write(FileOutputStream.java:349)
	at java.base/java.util.zip.DeflaterOutputStream.deflate(DeflaterOutputStream.java:284)
	at java.base/java.util.zip.DeflaterOutputStream.write(DeflaterOutputStream.java:232)
	at java.base/java.util.zip.GZIPOutputStream.write(GZIPOutputStream.java:148)
	at java.base/sun.nio.cs.StreamEncoder.writeBytes(StreamEncoder.java:234)
	at java.base/sun.nio.cs.StreamEncoder.implWrite(StreamEncoder.java:304)
	at java.base/sun.nio.cs.StreamEncoder.implWrite(StreamEncoder.java:282)
	at java.base/sun.nio.cs.StreamEncoder.write(StreamEncoder.java:132)
	at java.base/java.io.OutputStreamWriter.write(OutputStreamWriter.java:205)
	at java.base/java.io.BufferedWriter.flushBuffer(BufferedWriter.java:120)
	at java.base/java.io.BufferedWriter.write(BufferedWriter.java:233)
	at java.base/java.io.Writer.write(Writer.java:249)
	at org.usadellab.trimmomatic.fastq.FastqSerializer.writeRecord(FastqSerializer.java:63)
	at org.usadellab.trimmomatic.threading.SerializerWorker.run(SerializerWorker.java:45)
	at java.base/java.lang.Thread.run(Thread.java:840)
Exception in thread "Thread-2" java.lang.RuntimeException: java.io.IOException: Resource temporarily unavailable
	at org.usadellab.trimmomatic.threading.SerializerWorker.run(SerializerWorker.java:56)
	at java.base/java.lang.Thread.run(Thread.java:840)
Caused by: java.io.IOException: Resource temporarily unavailable
	at java.base/java.io.FileOutputStream.writeBytes(Native Method)
	at java.base/java.io.FileOutputStream.write(FileOutputStream.java:349)
	at java.base/java.util.zip.DeflaterOutputStream.deflate(DeflaterOutputStream.java:284)
	at java.base/java.util.zip.DeflaterOutputStream.write(DeflaterOutputStream.java:232)
	at java.base/java.util.zip.GZIPOutputStream.write(GZIPOutputStream.java:148)
	at java.base/sun.nio.cs.StreamEncoder.writeBytes(StreamEncoder.java:234)
	at java.base/sun.nio.cs.StreamEncoder.implWrite(StreamEncoder.java:304)
	at java.base/sun.nio.cs.StreamEncoder.implWrite(StreamEncoder.java:282)
	at java.base/sun.nio.cs.StreamEncoder.write(StreamEncoder.java:132)
	at java.base/java.io.OutputStreamWriter.write(OutputStreamWriter.java:205)
	at java.base/java.io.BufferedWriter.flushBuffer(BufferedWriter.java:120)
	at java.base/java.io.BufferedWriter.write(BufferedWriter.java:233)
	at java.base/java.io.Writer.write(Writer.java:249)
	at org.usadellab.trimmomatic.fastq.FastqSerializer.writeRecord(FastqSerializer.java:63)
	at org.usadellab.trimmomatic.threading.SerializerWorker.run(SerializerWorker.java:45)
	... 1 more
java.io.IOException: Resource temporarily unavailable
	at java.base/java.io.FileOutputStream.writeBytes(Native Method)
	at java.base/java.io.FileOutputStream.write(FileOutputStream.java:349)
	at java.base/java.util.zip.DeflaterOutputStream.deflate(DeflaterOutputStream.java:284)
	at java.base/java.util.zip.DeflaterOutputStream.write(DeflaterOutputStream.java:232)
	at java.base/java.util.zip.GZIPOutputStream.write(GZIPOutputStream.java:148)
	at java.base/sun.nio.cs.StreamEncoder.writeBytes(StreamEncoder.java:234)
	at java.base/sun.nio.cs.StreamEncoder.implWrite(StreamEncoder.java:304)
	at java.base/sun.nio.cs.StreamEncoder.implWrite(StreamEncoder.java:282)
	at java.base/sun.nio.cs.StreamEncoder.write(StreamEncoder.java:132)
	at java.base/java.io.OutputStreamWriter.write(OutputStreamWriter.java:205)
	at java.base/java.io.BufferedWriter.flushBuffer(BufferedWriter.java:120)
	at java.base/java.io.BufferedWriter.write(BufferedWriter.java:233)
	at java.base/java.io.Writer.write(Writer.java:249)
	at org.usadellab.trimmomatic.fastq.FastqSerializer.writeRecord(FastqSerializer.java:63)
	at org.usadellab.trimmomatic.threading.SerializerWorker.run(SerializerWorker.java:45)
	at java.base/java.lang.Thread.run(Thread.java:840)
Exception in thread "Thread-3" java.lang.RuntimeException: java.io.IOException: Resource temporarily unavailable
	at org.usadellab.trimmomatic.threading.SerializerWorker.run(SerializerWorker.java:56)
	at java.base/java.lang.Thread.run(Thread.java:840)
Caused by: java.io.IOException: Resource temporarily unavailable
	at java.base/java.io.FileOutputStream.writeBytes(Native Method)
	at java.base/java.io.FileOutputStream.write(FileOutputStream.java:349)
	at java.base/java.util.zip.DeflaterOutputStream.deflate(DeflaterOutputStream.java:284)
	at java.base/java.util.zip.DeflaterOutputStream.write(DeflaterOutputStream.java:232)
	at java.base/java.util.zip.GZIPOutputStream.write(GZIPOutputStream.java:148)
	at java.base/sun.nio.cs.StreamEncoder.writeBytes(StreamEncoder.java:234)
	at java.base/sun.nio.cs.StreamEncoder.implWrite(StreamEncoder.java:304)
	at java.base/sun.nio.cs.StreamEncoder.implWrite(StreamEncoder.java:282)
	at java.base/sun.nio.cs.StreamEncoder.write(StreamEncoder.java:132)
	at java.base/java.io.OutputStreamWriter.write(OutputStreamWriter.java:205)
	at java.base/java.io.BufferedWriter.flushBuffer(BufferedWriter.java:120)
	at java.base/java.io.BufferedWriter.write(BufferedWriter.java:233)
	at java.base/java.io.Writer.write(Writer.java:249)
	at org.usadellab.trimmomatic.fastq.FastqSerializer.writeRecord(FastqSerializer.java:63)
	at org.usadellab.trimmomatic.threading.SerializerWorker.run(SerializerWorker.java:45)
	... 1 more
java.io.IOException: Resource temporarily unavailable
	at java.base/java.io.FileOutputStream.writeBytes(Native Method)
	at java.base/java.io.FileOutputStream.write(FileOutputStream.java:349)
	at java.base/java.util.zip.DeflaterOutputStream.deflate(DeflaterOutputStream.java:284)
	at java.base/java.util.zip.DeflaterOutputStream.write(DeflaterOutputStream.java:232)
	at java.base/java.util.zip.GZIPOutputStream.write(GZIPOutputStream.java:148)
	at java.base/sun.nio.cs.StreamEncoder.writeBytes(StreamEncoder.java:234)
	at java.base/sun.nio.cs.StreamEncoder.implWrite(StreamEncoder.java:304)
	at java.base/sun.nio.cs.StreamEncoder.implWrite(StreamEncoder.java:282)
	at java.base/sun.nio.cs.StreamEncoder.write(StreamEncoder.java:132)
	at java.base/java.io.OutputStreamWriter.write(OutputStreamWriter.java:205)
	at java.base/java.io.BufferedWriter.flushBuffer(BufferedWriter.java:120)
	at java.base/java.io.BufferedWriter.write(BufferedWriter.java:233)
	at java.base/java.io.Writer.write(Writer.java:249)
	at org.usadellab.trimmomatic.fastq.FastqSerializer.writeRecord(FastqSerializer.java:63)
	at org.usadellab.trimmomatic.threading.SerializerWorker.run(SerializerWorker.java:45)
	at java.base/java.lang.Thread.run(Thread.java:840)
Exception in thread "Thread-4" java.lang.RuntimeException: java.io.IOException: Resource temporarily unavailable
	at org.usadellab.trimmomatic.threading.SerializerWorker.run(SerializerWorker.java:56)
	at java.base/java.lang.Thread.run(Thread.java:840)
Caused by: java.io.IOException: Resource temporarily unavailable
	at java.base/java.io.FileOutputStream.writeBytes(Native Method)
	at java.base/java.io.FileOutputStream.write(FileOutputStream.java:349)
	at java.base/java.util.zip.DeflaterOutputStream.deflate(DeflaterOutputStream.java:284)
	at java.base/java.util.zip.DeflaterOutputStream.write(DeflaterOutputStream.java:232)
	at java.base/java.util.zip.GZIPOutputStream.write(GZIPOutputStream.java:148)
	at java.base/sun.nio.cs.StreamEncoder.writeBytes(StreamEncoder.java:234)
	at java.base/sun.nio.cs.StreamEncoder.implWrite(StreamEncoder.java:304)
	at java.base/sun.nio.cs.StreamEncoder.implWrite(StreamEncoder.java:282)
	at java.base/sun.nio.cs.StreamEncoder.write(StreamEncoder.java:132)
	at java.base/java.io.OutputStreamWriter.write(OutputStreamWriter.java:205)
	at java.base/java.io.BufferedWriter.flushBuffer(BufferedWriter.java:120)
	at java.base/java.io.BufferedWriter.write(BufferedWriter.java:233)
	at java.base/java.io.Writer.write(Writer.java:249)
	at org.usadellab.trimmomatic.fastq.FastqSerializer.writeRecord(FastqSerializer.java:63)
	at org.usadellab.trimmomatic.threading.SerializerWorker.run(SerializerWorker.java:45)
	... 1 more
[2026-05-06T16:20:14.134] error: *** JOB 5257058 ON p54 CANCELLED AT 2026-05-06T16:20:14 DUE to SIGNAL Terminated ***
