+ set -euo pipefail
+ REPO_ROOT=/home/gorgis/projects/genome/Genome_Analysis_26
+ cd /home/gorgis/projects/genome/Genome_Analysis_26
+ module load prokka/1.14.5-gompi-2024a
+ '[' -z '' ']'
+ case "$-" in
+ __lmod_sh_dbg=x
+ '[' -n x ']'
+ set +x
Shell debugging temporarily silenced: export LMOD_SH_DBG_ON=1 for Lmod's output
prokka scripts are located in $EBROOTPROKKA/bin; databases are located in $EBROOTPROKKA/db
Shell debugging restarted
+ unset __lmod_sh_dbg
+ return 0
+ prokka --outdir data/tmp/4_prokka_ann/ --prefix paper1 data/tmp/2_canu_assembly/paper1_e745.contigs.fasta
[15:20:57] This is prokka 1.14.5
[15:20:57] Written by Torsten Seemann <torsten.seemann@gmail.com>
[15:20:57] Homepage is https://github.com/tseemann/prokka
[15:20:57] Local time is Tue May  5 15:20:57 2026
[15:20:57] You are gorgis
[15:20:57] Operating system is linux
[15:20:57] You have BioPerl 1.7.8
Argument "1.7.8" isn't numeric in numeric lt (<) at /sw/arch/eb/software/prokka/1.14.5-gompi-2024a/bin/prokka line 259.
[15:20:57] System has 96 cores.
[15:20:57] Will use maximum of 8 cores.
[15:20:57] Annotating as >>> Bacteria <<<
[15:20:57] Generating locus_tag from 'data/tmp/2_canu_assembly/paper1_e745.contigs.fasta' contents.
[15:20:57] Setting --locustag LPCHMCBP from MD5 59c16cb9baae29d35995e123aa950851
[15:20:57] Creating new output folder: data/tmp/4_prokka_ann/
[15:20:57] Running: mkdir -p data\/tmp\/4_prokka_ann\/
[15:20:57] Using filename prefix: paper1.XXX
[15:20:57] Setting HMMER_NCPU=1
[15:20:57] Writing log to: data/tmp/4_prokka_ann//paper1.log
[15:20:57] Command: /sw/arch/eb/software/prokka/1.14.5-gompi-2024a/bin/prokka --outdir data/tmp/4_prokka_ann/ --prefix paper1 data/tmp/2_canu_assembly/paper1_e745.contigs.fasta
[15:20:57] Appending to PATH: /sw/arch/eb/software/prokka/1.14.5-gompi-2024a/bin/../binaries/linux
[15:20:57] Appending to PATH: /sw/arch/eb/software/prokka/1.14.5-gompi-2024a/bin/../binaries/linux/../common
[15:20:57] Appending to PATH: /sw/arch/eb/software/prokka/1.14.5-gompi-2024a/bin
[15:20:57] Looking for 'aragorn' - found /sw/arch/eb/software/prokka/1.14.5-gompi-2024a/bin/../binaries/linux/aragorn
[15:20:57] Determined aragorn version is 001002 from 'ARAGORN v1.2.38 Dean Laslett'
[15:20:57] Looking for 'blastp' - found /sw/arch/eb/software/BLAST+/2.16.0-gompi-2024a/bin/blastp
[15:21:14] Determined blastp version is 002016 from 'blastp: 2.16.0+'
[15:21:14] Looking for 'cmpress' - found /sw/arch/eb/software/prokka/1.14.5-gompi-2024a/bin/../binaries/linux/cmpress
[15:21:15] Determined cmpress version is 001001 from '# INFERNAL 1.1.2 (July 2016)'
[15:21:15] Looking for 'cmscan' - found /sw/arch/eb/software/prokka/1.14.5-gompi-2024a/bin/../binaries/linux/cmscan
[15:21:15] Determined cmscan version is 001001 from '# INFERNAL 1.1.2 (July 2016)'
[15:21:15] Looking for 'egrep' - found /usr/bin/egrep
[15:21:15] Looking for 'find' - found /usr/bin/find
[15:21:15] Looking for 'grep' - found /usr/bin/grep
[15:21:15] Looking for 'hmmpress' - found /sw/arch/eb/software/prokka/1.14.5-gompi-2024a/bin/../binaries/linux/hmmpress
[15:21:15] Determined hmmpress version is 003001 from '# HMMER 3.1b2 (February 2015); http://hmmer.org/'
[15:21:15] Looking for 'hmmscan' - found /sw/arch/eb/software/prokka/1.14.5-gompi-2024a/bin/../binaries/linux/hmmscan
[15:21:15] Determined hmmscan version is 003001 from '# HMMER 3.1b2 (February 2015); http://hmmer.org/'
[15:21:15] Looking for 'java' - found /sw/arch/eb/software/Java/17.0.15/bin/java
[15:21:15] Looking for 'makeblastdb' - found /sw/arch/eb/software/BLAST+/2.16.0-gompi-2024a/bin/makeblastdb
[15:21:27] Determined makeblastdb version is 002016 from 'makeblastdb: 2.16.0+'
[15:21:27] Looking for 'minced' - found /sw/arch/eb/software/prokka/1.14.5-gompi-2024a/bin/../binaries/linux/../common/minced
[15:21:27] Determined minced version is 002000 from 'minced 0.2.0'
[15:21:27] Looking for 'parallel' - found /sw/arch/eb/software/parallel/20240722-GCCcore-13.3.0/bin/parallel
[15:21:28] Determined parallel version is 20240722 from 'GNU parallel 20240722'
[15:21:28] Looking for 'prodigal' - found /sw/arch/eb/software/prokka/1.14.5-gompi-2024a/bin/../binaries/linux/prodigal
[15:21:28] Determined prodigal version is 002006 from 'Prodigal V2.6.3: February, 2016'
[15:21:28] Looking for 'prokka-genbank_to_fasta_db' - found /sw/arch/eb/software/prokka/1.14.5-gompi-2024a/bin/prokka-genbank_to_fasta_db
[15:21:28] Looking for 'sed' - found /usr/bin/sed
[15:21:28] Looking for 'tbl2asn' - found /sw/arch/eb/software/tbl2asn/20230713-GCCcore-13.3.0/bin/tbl2asn
[15:21:28] Determined tbl2asn version is 025008 from 'tbl2asn 25.8   arguments:'
[15:21:28] Using genetic code table 11.
[15:21:28] Loading and checking input file: data/tmp/2_canu_assembly/paper1_e745.contigs.fasta
[15:21:28] Wrote 9 contigs totalling 3147208 bp.
[15:21:28] Predicting tRNAs and tmRNAs
[15:21:28] Running: aragorn -l -gc11  -w data\/tmp\/4_prokka_ann\/\/paper1\.fna
[15:21:28] 1 tRNA-Leu c[6256,6342] 36 (caa)
[15:21:28] 2 tRNA-Gln c[6358,6431] 34 (ttg)
[15:21:28] 3 tRNA-His c[6439,6512] 34 (gtg)
[15:21:28] 4 tRNA-Leu c[6573,6659] 36 (caa)
[15:21:28] 5 tRNA-Cys c[6679,6749] 33 (gca)
[15:21:28] 6 tRNA-Gln c[6794,6867] 34 (ttg)
[15:21:28] 7 tRNA-His c[6877,6950] 34 (gtg)
[15:21:28] 8 tRNA-Trp c[6953,7026] 33 (cca)
[15:21:28] 9 tRNA-Tyr c[7032,7114] 36 (gta)
[15:21:28] 10 tRNA-Phe c[7115,7190] 34 (gaa)
[15:21:28] 11 tRNA-Asp c[7224,7299] 35 (gtc)
[15:21:28] 12 tRNA-Val c[7307,7381] 35 (tac)
[15:21:28] 13 tRNA-Glu c[7395,7468] 35 (ttc)
[15:21:28] 14 tRNA-Ser c[7481,7572] 36 (gga)
[15:21:28] 15 tRNA-Asn c[7610,7685] 36 (gtt)
[15:21:28] 16 tRNA-Ala c[11111,11183] 34 (tgc)
[15:21:28] 17 tRNA-Met c[140371,140444] 35 (cat)
[15:21:28] 18 tRNA-Lys [192311,192383] 34 (ctt)
[15:21:28] 19 tRNA-Glu c[392441,392514] 35 (ttc)
[15:21:28] 20 tRNA-Ile c[392524,392599] 36 (gat)
[15:21:28] 21 tRNA-Gly c[392611,392681] 33 (tcc)
[15:21:28] 22 tRNA-Phe c[392685,392759] 35 (gaa)
[15:21:28] 23 tRNA-Asp c[392761,392835] 35 (gtc)
[15:21:28] 24 tRNA-Met c[392852,392927] 36 (cat)
[15:21:28] 25 tRNA-Ser c[392939,393028] 37 (tga)
[15:21:28] 26 tRNA-Glu c[393050,393123] 35 (ttc)
[15:21:28] 27 tRNA-Ser c[393143,393232] 36 (gct)
[15:21:28] 28 tRNA-Ile c[393255,393330] 36 (gat)
[15:21:28] 29 tRNA-Gly c[393343,393413] 33 (tcc)
[15:21:28] 30 tRNA-Asp c[393415,393490] 34 (gtc)
[15:21:28] 31 tRNA-Met c[393508,393583] 36 (cat)
[15:21:28] 32 tRNA-Ser c[393595,393684] 37 (tga)
[15:21:28] 33 tRNA-Met c[393707,393782] 36 (cat)
[15:21:28] 34 tRNA-Met c[393794,393869] 36 (cat)
[15:21:28] 35 tRNA-Ala c[393896,393968] 34 (tgc)
[15:21:28] 36 tRNA-Pro c[393988,394061] 35 (tgg)
[15:21:28] 37 tRNA-Arg c[394070,394145] 36 (acg)
[15:21:28] 38 tRNA-Leu c[394155,394240] 35 (taa)
[15:21:28] 39 tRNA-Gly c[394257,394328] 33 (gcc)
[15:21:28] 40 tRNA-Thr c[394338,394413] 35 (tgt)
[15:21:28] 41 tRNA-Leu c[394429,394512] 36 (tag)
[15:21:28] 42 tRNA-Lys c[394518,394592] 35 (ttt)
[15:21:28] 43 tRNA-Val c[394594,394668] 35 (tac)
[15:21:28] 44 tRNA-Ala c[398098,398170] 34 (tgc)
[15:21:28] 45 tRNA-Arg c[624188,624264] 36 (acg)
[15:21:28] 46 tRNA-Pro c[624321,624394] 35 (tgg)
[15:21:28] 47 tRNA-Arg c[624415,624490] 36 (acg)
[15:21:28] 48 tRNA-Leu c[624500,624585] 35 (taa)
[15:21:28] 49 tRNA-Gly c[624602,624673] 33 (gcc)
[15:21:28] 50 tRNA-Thr c[624683,624758] 35 (tgt)
[15:21:28] 51 tRNA-Leu c[624774,624857] 36 (tag)
[15:21:28] 52 tRNA-Lys c[624863,624937] 35 (ttt)
[15:21:28] 53 tRNA-Val c[624939,625013] 35 (tac)
[15:21:28] 54 tRNA-Arg [1341593,1341667] 35 (tct)
[15:21:28] 55 tRNA-Arg [1395701,1395776] 36 (cct)
[15:21:28] 56 tRNA-Met [1433055,1433128] 35 (cat)
[15:21:28] 57 tRNA-Thr [1503394,1503466] 34 (cgt)
[15:21:28] 58 tRNA-Asn [1592116,1592191] 36 (gtt)
[15:21:28] 59 tRNA-Thr c[1595177,1595249] 34 (ggt)
[15:21:28] 60 tRNA-Asn [1595462,1595537] 36 (gtt)
[15:21:28] 61 tRNA-Gly [1648623,1648693] 33 (ccc)
[15:21:28] 62 tRNA-Arg c[1719749,1719822] 35 (ccg)
[15:21:28] 63 tRNA-Tyr [1750439,1750519] 35 (gta)
[15:21:28] 64 tRNA-Gln [1750525,1750598] 34 (ttg)
[15:21:28] 65 tRNA-Met [1994995,1995068] 35 (cat)
[15:21:28] 66 tmRNA c[1997453,1997816] 91,129 AKNENNSYALAA*
[15:21:28] 67 tRNA-Ser [2026631,2026718] 33 (cga)
[15:21:28] 68 tRNA-Met [2290492,2290567] 36 (cat)
[15:21:28] 69 tRNA-Gln [2514464,2514536] 34 (ctg)
[15:21:28] 70 tRNA-Leu c[2518906,2518991] 36 (cag)
[15:21:28] 71 tRNA-Leu [2608029,2608113] 35 (gag)
[15:21:28] 72 tRNA-Leu c[2771177,2771263] 36 (caa)
[15:21:28] 73 tRNA-Gln c[2771279,2771352] 34 (ttg)
[15:21:28] 74 tRNA-His c[2771360,2771433] 34 (gtg)
[15:21:28] 75 tRNA-Leu c[2771494,2771580] 36 (caa)
[15:21:28] 76 tRNA-Cys c[2771600,2771670] 33 (gca)
[15:21:28] 77 tRNA-Gln c[2771715,2771788] 34 (ttg)
[15:21:28] 78 tRNA-His c[2771798,2771871] 34 (gtg)
[15:21:28] 79 tRNA-Trp c[2771874,2771947] 33 (cca)
[15:21:28] 80 tRNA-Tyr c[2771953,2772035] 36 (gta)
[15:21:28] 81 tRNA-Phe c[2772036,2772111] 34 (gaa)
[15:21:28] 82 tRNA-Asp c[2772145,2772220] 35 (gtc)
[15:21:28] 83 tRNA-Val c[2772228,2772302] 35 (tac)
[15:21:28] 84 tRNA-Glu c[2772316,2772389] 35 (ttc)
[15:21:28] 85 tRNA-Ser c[2772402,2772493] 36 (gga)
[15:21:28] 86 tRNA-Asn c[2772531,2772606] 36 (gtt)
[15:21:28] Found 86 tRNAs
[15:21:28] Predicting Ribosomal RNAs
[15:21:28] You need either Barrnap or RNAmmer installed to predict rRNAs!
[15:21:28] Skipping ncRNA search, enable with --rfam if desired.
[15:21:28] Total of 85 tRNA + rRNA features
[15:21:28] Searching for CRISPR repeats
[15:21:29] Found 0 CRISPRs
[15:21:29] Predicting coding sequences
[15:21:29] Contigs total 3147208 bp, so using single mode
[15:21:29] Running: prodigal -i data\/tmp\/4_prokka_ann\/\/paper1\.fna -c -m -g 11 -p single -f sco -q
[15:21:31] Excluding CDS which overlaps existing RNA (tRNA) at tig00000001:7277..7543 on - strand
[15:21:33] Excluding CDS which overlaps existing RNA (tRNA) at tig00000001:2772198..2772464 on - strand
[15:21:33] Found 3126 CDS
[15:21:33] Connecting features back to sequences
[15:21:33] Not using genus-specific database. Try --usegenus to enable it.
[15:21:33] Annotating CDS, please be patient.
[15:21:33] Will use 8 CPUs for similarity searching.
[15:21:33] There are still 3126 unannotated CDS left (started with 3126)
[15:21:33] Will use blast to search against /sw/arch/eb/software/prokka/1.14.5-gompi-2024a/db/kingdom/Bacteria/IS with 8 CPUs
[15:21:33] Running: cat data\/tmp\/4_prokka_ann\/\/paper1\.IS\.tmp\.650152\.faa | parallel --gnu --plain -j 8 --block 56635 --recstart '>' --pipe blastp -query - -db /sw/arch/eb/software/prokka/1.14.5-gompi-2024a/db/kingdom/Bacteria/IS -evalue 1e-30 -qcov_hsp_perc 90 -num_threads 1 -num_descriptions 1 -num_alignments 1 -seg no > data\/tmp\/4_prokka_ann\/\/paper1\.IS\.tmp\.650152\.blast 2> /dev/null
[15:22:23] Deleting unwanted file: data/tmp/4_prokka_ann//paper1.IS.tmp.650152.faa
[15:22:23] Deleting unwanted file: data/tmp/4_prokka_ann//paper1.IS.tmp.650152.blast
[15:22:23] There are still 2959 unannotated CDS left (started with 3126)
[15:22:23] Will use blast to search against /sw/arch/eb/software/prokka/1.14.5-gompi-2024a/db/kingdom/Bacteria/AMR with 8 CPUs
[15:22:23] Running: cat data\/tmp\/4_prokka_ann\/\/paper1\.AMR\.tmp\.650152\.faa | parallel --gnu --plain -j 8 --block 53189 --recstart '>' --pipe blastp -query - -db /sw/arch/eb/software/prokka/1.14.5-gompi-2024a/db/kingdom/Bacteria/AMR -evalue 1e-300 -qcov_hsp_perc 90 -num_threads 1 -num_descriptions 1 -num_alignments 1 -seg no > data\/tmp\/4_prokka_ann\/\/paper1\.AMR\.tmp\.650152\.blast 2> /dev/null
[15:23:05] Deleting unwanted file: data/tmp/4_prokka_ann//paper1.AMR.tmp.650152.faa
[15:23:05] Deleting unwanted file: data/tmp/4_prokka_ann//paper1.AMR.tmp.650152.blast
[15:23:06] There are still 2957 unannotated CDS left (started with 3126)
[15:23:06] Will use blast to search against /sw/arch/eb/software/prokka/1.14.5-gompi-2024a/db/kingdom/Bacteria/sprot with 8 CPUs
[15:23:06] Running: cat data\/tmp\/4_prokka_ann\/\/paper1\.sprot\.tmp\.650152\.faa | parallel --gnu --plain -j 8 --block 53126 --recstart '>' --pipe blastp -query - -db /sw/arch/eb/software/prokka/1.14.5-gompi-2024a/db/kingdom/Bacteria/sprot -evalue 1e-09 -qcov_hsp_perc 80 -num_threads 1 -num_descriptions 1 -num_alignments 1 -seg no > data\/tmp\/4_prokka_ann\/\/paper1\.sprot\.tmp\.650152\.blast 2> /dev/null
[15:24:27] Modify product: Uncharacterized HTH-type transcriptional regulator YbbH => putative HTH-type transcriptional regulator YbbH
[15:24:27] Modify product: Probable tautomerase SAR1376 => putative tautomerase
[15:24:27] Modify product: Probable transcriptional regulatory protein YeeN => putative transcriptional regulatory protein YeeN
[15:24:27] Modify product: RNA-binding protein HI_1333 => RNA-binding protein
[15:24:27] Modify product: Uncharacterized protein YqeH => putative protein YqeH
[15:24:27] Modify product: Uncharacterized protein YkuJ => putative protein YkuJ
[15:24:27] Modify product: UPF0053 inner membrane protein YfjD => hypothetical protein
[15:24:27] Modify product: Acetyltransferase SACOL1063 => Acetyltransferase
[15:24:27] Modify product: UPF0374 protein SP_1903 => hypothetical protein
[15:24:27] Modify product: Probable undecaprenyl-phosphate N-acetylglucosaminyl 1-phosphate transferase => putative undecaprenyl-phosphate N-acetylglucosaminyl 1-phosphate transferase
[15:24:27] Modify product: DegV domain-containing protein MW1315 => DegV domain-containing protein
[15:24:28] Modify product: Uncharacterized ABC transporter ATP-binding protein YbiT => putative ABC transporter ATP-binding protein YbiT
[15:24:28] Modify product: Probable transporter SCO4007 => putative transporter
[15:24:28] Modify product: UPF0213 protein EF_2693 => hypothetical protein
[15:24:28] Modify product: Uncharacterized AAA domain-containing protein Rv2559c => putative AAA domain-containing protein
[15:24:28] Modify product: Putative universal stress protein SA1532 => Putative universal stress protein
[15:24:28] Modify product: Uncharacterized ABC transporter ATP-binding protein YbiT => putative ABC transporter ATP-binding protein YbiT
[15:24:28] Modify product: Uncharacterized symporter YjmB => putative symporter YjmB
[15:24:28] Modify product: Uncharacterized multiple-sugar transport system permease YteP => putative multiple-sugar transport system permease YteP
[15:24:28] Modify product: Probable HTH-type transcriptional repressor ExuR => putative HTH-type transcriptional repressor ExuR
[15:24:28] Modify product: Putative multidrug export ATP-binding/permease protein SAV1866 => Putative multidrug export ATP-binding/permease protein
[15:24:28] Modify product: UPF0342 protein SA1663 => hypothetical protein
[15:24:28] Modify product: Uncharacterized multiple-sugar transport system permease YteP => putative multiple-sugar transport system permease YteP
[15:24:28] Modify product: Probable licABCH operon regulator => putative licABCH operon regulator
[15:24:28] Modify product: Uncharacterized ABC transporter ATP-binding protein Rv1273c => putative ABC transporter ATP-binding protein
[15:24:28] Modify product: Uncharacterized ABC transporter ATP-binding protein TM_0288 => putative ABC transporter ATP-binding protein
[15:24:28] Modify product: 23S rRNA 5-hydroxycytidine C2501 synthase => 23S rRNA 5-hydroxycytidine synthase
[15:24:28] Modify product: DegV domain-containing protein MW1315 => DegV domain-containing protein
[15:24:28] Modify product: Uncharacterized ABC transporter ATP-binding protein YbiT => putative ABC transporter ATP-binding protein YbiT
[15:24:28] Modify product: Potassium channel HX13_20290 => Potassium channel
[15:24:28] Modify product: Uncharacterized protein Spy1614 => putative protein
[15:24:28] Modify product: Uncharacterized protein SA1069 => putative protein
[15:24:28] Modify product: Uncharacterized protein YueI => putative protein YueI
[15:24:28] Modify product: Potassium channel HX13_20290 => Potassium channel
[15:24:28] Modify product: UPF0178 protein YaiI => hypothetical protein
[15:24:28] Modify product: Probable protein kinase UbiB => putative protein kinase UbiB
[15:24:28] Modify product: Zinc-type alcohol dehydrogenase-like protein SA1988 => Zinc-type alcohol dehydrogenase-like protein
[15:24:28] Modify product: Putative universal stress protein SA1532 => Putative universal stress protein
[15:24:28] Modify product: Uncharacterized oxidoreductase SpyM50865 => putative oxidoreductase
[15:24:28] Modify product: UPF0145 protein YbjQ => hypothetical protein
[15:24:28] Modify product: UPF0051 protein SA0778 => hypothetical protein
[15:24:28] Modify product: Uncharacterized ABC transporter ATP-binding protein YknY => putative ABC transporter ATP-binding protein YknY
[15:24:28] Modify product: Putative lipid kinase SP_1045 => Putative lipid kinase
[15:24:28] Modify product: Phosphorylated carbohydrates phosphatase TM_1254 => Phosphorylated carbohydrates phosphatase
[15:24:28] Modify product: Uncharacterized amino acid permease YvbW => putative amino acid permease YvbW
[15:24:28] Modify product: Uncharacterized sugar epimerase YhfK => putative sugar epimerase YhfK
[15:24:28] Modify product: Probable acrylyl-CoA reductase AcuI => putative acrylyl-CoA reductase AcuI
[15:24:28] Modify product: Probable phosphotransferase enzyme IIB component M6_Spy0801 => putative phosphotransferase enzyme IIB component
[15:24:28] Modify product: Uncharacterized HTH-type transcriptional regulator YdjF => putative HTH-type transcriptional regulator YdjF
[15:24:28] Modify product: Nucleoid-associated protein SP_1102 => Nucleoid-associated protein
[15:24:28] Modify product: Uncharacterized protein Rv1339 => putative protein
[15:24:28] Modify product: Uncharacterized ABC transporter ATP-binding protein TM_0288 => putative ABC transporter ATP-binding protein
[15:24:28] Modify product: Uncharacterized ABC transporter ATP-binding protein Rv1273c => putative ABC transporter ATP-binding protein
[15:24:28] Modify product: Probable transcriptional regulatory protein HI_0315 => putative transcriptional regulatory protein
[15:24:28] Modify product: UPF0701 protein YicC => hypothetical protein
[15:24:28] Modify product: Uncharacterized PIN and TRAM-domain containing protein YacL => putative PIN and TRAM-domain containing protein YacL
[15:24:28] Modify product: Uncharacterized oxidoreductase SA2266 => putative oxidoreductase
[15:24:28] Modify product: Putative acetyltransferase SA2342 => Putative acetyltransferase
[15:24:28] Modify product: Zinc-type alcohol dehydrogenase-like protein SA1988 => Zinc-type alcohol dehydrogenase-like protein
[15:24:28] Modify product: Probable tRNA-dihydrouridine synthase => putative tRNA-dihydrouridine synthase
[15:24:28] Modify product: Uncharacterized ABC transporter ATP-binding protein YadG => putative ABC transporter ATP-binding protein YadG
[15:24:28] Modify product: Uncharacterized protein Spy1535 => putative protein
[15:24:28] Modify product: Bifunctional protein FolD => Bifunctional protein FolD protein
[15:24:28] Modify product: Probable ATP-dependent RNA helicase YfmL => putative ATP-dependent RNA helicase YfmL
[15:24:28] Modify product: Uncharacterized ABC transporter ATP-binding protein Rv1273c => putative ABC transporter ATP-binding protein
[15:24:28] Modify product: Probable mannose-6-phosphate isomerase GmuF => putative mannose-6-phosphate isomerase GmuF
[15:24:28] Modify product: Probable dual-specificity RNA methyltransferase RlmN => putative dual-specificity RNA methyltransferase RlmN
[15:24:28] Modify product: Multidrug efflux system permease protein Rv1217c => Multidrug efflux system permease protein
[15:24:28] Modify product: Multidrug efflux system ATP-binding protein Rv1218c => Multidrug efflux system ATP-binding protein
[15:24:28] Modify product: Probable glutamate/gamma-aminobutyrate antiporter => putative glutamate/gamma-aminobutyrate antiporter
[15:24:28] Modify product: Probable UbiX-like flavin prenyltransferase => putative UbiX-like flavin prenyltransferase
[15:24:28] Modify product: Uncharacterized membrane protein YdfK => putative membrane protein YdfK
[15:24:28] Modify product: Uncharacterized ABC transporter ATP-binding protein Rv0986 => putative ABC transporter ATP-binding protein
[15:24:28] Modify product: Glutathione peroxidase homolog BsaA => Glutathione peroxidase BsaA
[15:24:28] Modify product: Probable N-acetyl-LL-diaminopimelate aminotransferase => putative N-acetyl-LL-diaminopimelate aminotransferase
[15:24:28] Modify product: UPF0702 transmembrane protein YetF => hypothetical protein
[15:24:28] Modify product: Probable transport protein YifK => putative transport protein YifK
[15:24:28] Modify product: Probable pyridine nucleotide-disulfide oxidoreductase RclA => putative pyridine nucleotide-disulfide oxidoreductase RclA
[15:24:28] Modify product: Probable manganese catalase => putative manganese catalase
[15:24:28] Modify product: Probable arabinose-binding protein => putative arabinose-binding protein
[15:24:28] Modify product: Probable glucose uptake protein GlcU => putative glucose uptake protein GlcU
[15:24:28] Modify product: Uncharacterized amino acid permease YhdG => putative amino acid permease YhdG
[15:24:28] Modify product: TelA-like protein SA1238 => TelA-like protein
[15:24:28] Modify product: Prophage bactoprenol glucosyl transferase homolog => Prophage bactoprenol glucosyl transferase 
[15:24:28] Modify product: UPF0324 inner membrane protein YeiH => hypothetical protein
[15:24:28] Modify product: Probable ABC transporter ATP-binding protein M6_Spy0273 => putative ABC transporter ATP-binding protein
[15:24:28] Modify product: UPF0051 protein SA0778 => hypothetical protein
[15:24:28] Modify product: Probable succinyl-diaminopimelate desuccinylase => putative succinyl-diaminopimelate desuccinylase
[15:24:28] Modify product: Uncharacterized protein YjdJ => putative protein YjdJ
[15:24:28] Modify product: Probable protein-export membrane protein SecG => putative protein-export membrane protein SecG
[15:24:28] Modify product: Uncharacterized N-acetyltransferase YvbK => putative N-acetyltransferase YvbK
[15:24:28] Modify product: Phosphate-specific transport system accessory protein PhoU homolog => Phosphate-specific transport system accessory protein PhoU 
[15:24:28] Modify product: Probable endonuclease 4 => putative endonuclease 4
[15:24:28] Modify product: UPF0154 protein SA1178 => hypothetical protein
[15:24:28] Modify product: Probable multidrug resistance ABC transporter ATP-binding/permease protein YheI => putative multidrug resistance ABC transporter ATP-binding/permease protein YheI
[15:24:28] Modify product: Probable multidrug resistance ABC transporter ATP-binding/permease protein YheH => putative multidrug resistance ABC transporter ATP-binding/permease protein YheH
[15:24:28] Modify product: Probable 6-phospho-beta-glucosidase => putative 6-phospho-beta-glucosidase
[15:24:28] Modify product: Uncharacterized protein YqeY => putative protein YqeY
[15:24:28] Modify product: Probable capsular polysaccharide biosynthesis protein YwqC => putative capsular polysaccharide biosynthesis protein YwqC
[15:24:28] Modify product: Uncharacterized sugar transferase EpsL => putative sugar transferase EpsL
[15:24:28] Modify product: Probable copper-importing P-type ATPase A => putative copper-importing P-type ATPase A
[15:24:28] Modify product: UPF0122 protein SP_1288 => hypothetical protein
[15:24:28] Modify product: UPF0109 protein Rv2908c => hypothetical protein
[15:24:28] Modify product: Uncharacterized ABC transporter ATP-binding protein TM_0288 => putative ABC transporter ATP-binding protein
[15:24:28] Modify product: Uncharacterized ABC transporter ATP-binding protein Rv1273c => putative ABC transporter ATP-binding protein
[15:24:28] Modify product: Probable phosphotransferase enzyme IIB component M6_Spy0801 => putative phosphotransferase enzyme IIB component
[15:24:28] Modify product: UPF0309 protein BH3325 => hypothetical protein
[15:24:28] Modify product: UPF0173 metal-dependent hydrolase SA1529 => hypothetical protein
[15:24:28] Modify product: Probable bifunctional oligoribonuclease and PAP phosphatase NrnA => putative bifunctional oligoribonuclease and PAP phosphatase NrnA
[15:24:28] Modify product: Uncharacterized protein YpjQ => putative protein YpjQ
[15:24:28] Modify product: Probable ketoamine kinase HMPREF0351_12196 => putative ketoamine kinase
[15:24:28] Modify product: Probable tRNA sulfurtransferase => putative tRNA sulfurtransferase
[15:24:28] Modify product: Probable tRNA sulfurtransferase => putative tRNA sulfurtransferase
[15:24:28] Modify product: Phosphorylated carbohydrates phosphatase TM_1254 => Phosphorylated carbohydrates phosphatase
[15:24:28] Modify product: UPF0758 protein SP_1088 => hypothetical protein
[15:24:28] Modify product: UPF0356 protein M6_Spy1605 => hypothetical protein
[15:24:28] Modify product: Uncharacterized ABC transporter ATP-binding protein Rv1273c => putative ABC transporter ATP-binding protein
[15:24:28] Modify product: Uncharacterized ABC transporter ATP-binding protein TM_0288 => putative ABC transporter ATP-binding protein
[15:24:28] Modify product: Probable arabinose-binding protein => putative arabinose-binding protein
[15:24:28] Modify product: Uncharacterized ABC transporter ATP-binding protein YheS => putative ABC transporter ATP-binding protein YheS
[15:24:28] Modify product: UPF0297 protein EF_1202 => hypothetical protein
[15:24:28] Modify product: UPF0473 protein SP_0194 => hypothetical protein
[15:24:28] Modify product: Uncharacterized ABC transporter permease Rv0072 => putative ABC transporter permease
[15:24:28] Modify product: Uncharacterized protein YhaP => putative protein YhaP
[15:24:28] Modify product: Uncharacterized isomerase YddE => putative isomerase YddE
[15:24:28] Modify product: Probable DNA-directed RNA polymerase subunit delta => putative DNA-directed RNA polymerase subunit delta
[15:24:28] Modify product: Putative phosphatase M6_Spy0533 => Putative phosphatase
[15:24:28] Modify product: Uncharacterized protein YjcQ => putative protein YjcQ
[15:24:28] Modify product: Probable siderophore-binding lipoprotein YfiY => putative siderophore-binding lipoprotein YfiY
[15:24:28] Modify product: Uncharacterized protein YqgN => putative protein YqgN
[15:24:28] Modify product: Uncharacterized protein YqgQ => putative protein YqgQ
[15:24:28] Modify product: Uncharacterized protein YibN => putative protein YibN
[15:24:28] Modify product: Probable ribosomal protein YlxQ => putative ribosomal protein YlxQ
[15:24:28] Modify product: Uncharacterized protease YdeA => putative protease YdeA
[15:24:28] Modify product: Probable ABC transporter extracellular-binding protein YckB => putative ABC transporter extracellular-binding protein YckB
[15:24:28] Modify product: UPF0371 protein DIP2346 => hypothetical protein
[15:24:28] Modify product: UPF0340 protein YwlG => hypothetical protein
[15:24:28] Modify product: Uncharacterized ABC transporter permease Rv0072 => putative ABC transporter permease
[15:24:28] Modify product: Uncharacterized HTH-type transcriptional regulator YbbH => putative HTH-type transcriptional regulator YbbH
[15:24:28] Modify product: Uncharacterized oxidoreductase YhhX => putative oxidoreductase YhhX
[15:24:28] Modify product: Rqc2 homolog RqcH => Rqc2 RqcH
[15:24:28] Modify product: Acetyltransferase SACOL1063 => Acetyltransferase
[15:24:28] Modify product: Uncharacterized epimerase/dehydratase SA0511 => putative epimerase/dehydratase
[15:24:28] Modify product: Uncharacterized protein YedJ => putative protein YedJ
[15:24:28] Modify product: UPF0398 protein YpsA => hypothetical protein
[15:24:28] Modify product: UPF0291 protein SP_1473 => hypothetical protein
[15:24:28] Modify product: Uncharacterized MscS family protein YkuT => putative MscS family protein YkuT
[15:24:28] Modify product: Probable glutamine ABC transporter permease protein GlnP => putative glutamine ABC transporter permease protein GlnP
[15:24:28] Modify product: Probable glutamine ABC transporter permease protein GlnM => putative glutamine ABC transporter permease protein GlnM
[15:24:28] Modify product: Probable cell division protein WhiA => putative cell division protein WhiA
[15:24:28] Modify product: Probable GTP-binding protein EngB => putative GTP-binding protein EngB
[15:24:28] Modify product: Uncharacterized RNA methyltransferase SP_1029 => putative RNA methyltransferase
[15:24:28] Modify product: UPF0176 protein SP_0095 => hypothetical protein
[15:24:28] Modify product: GTP cyclohydrolase 1 type 2 homolog => GTP cyclohydrolase 1 type 2 
[15:24:28] Modify product: GTP cyclohydrolase 1 type 2 homolog => GTP cyclohydrolase 1 type 2 
[15:24:28] Modify product: Probable licABCH operon regulator => putative licABCH operon regulator
[15:24:28] Modify product: Uncharacterized oxidoreductase YghA => putative oxidoreductase YghA
[15:24:28] Modify product: Stress response regulator gls24 homolog => Stress response regulator gls24 
[15:24:28] Modify product: Probable peptidoglycan glycosyltransferase FtsW => putative peptidoglycan glycosyltransferase FtsW
[15:24:28] Modify product: Putative universal stress protein SA1532 => Putative universal stress protein
[15:24:28] Modify product: UPF0234 protein XC_3703 => hypothetical protein
[15:24:28] Modify product: Probable metallo-hydrolase M6_Spy0554 => putative metallo-hydrolase
[15:24:28] Modify product: Uncharacterized protein YqeN => putative protein YqeN
[15:24:28] Modify product: Uncharacterized protein YlbL => putative protein YlbL
[15:24:28] Modify product: Probable peptidoglycan glycosyltransferase FtsW => putative peptidoglycan glycosyltransferase FtsW
[15:24:28] Modify product: UPF0358 protein EF_2458 => hypothetical protein
[15:24:28] Modify product: UPF0223 protein BH2638 => hypothetical protein
[15:24:28] Modify product: Uncharacterized membrane protein YuaF => putative membrane protein YuaF
[15:24:28] Modify product: Uncharacterized metal-dependent hydrolase YcfH => putative metal-dependent hydrolase YcfH
[15:24:28] Modify product: Probable HTH-type transcriptional repressor ExuR => putative HTH-type transcriptional repressor ExuR
[15:24:28] Modify product: UPF0316 protein SA1727 => hypothetical protein
[15:24:28] Modify product: Probable manganese-dependent inorganic pyrophosphatase => putative manganese-dependent inorganic pyrophosphatase
[15:24:28] Modify product: Uncharacterized protein YccU => putative protein YccU
[15:24:29] Modify product: UPF0346 protein YozE => hypothetical protein
[15:24:29] Modify product: DegV domain-containing protein SP_1112 => DegV domain-containing protein
[15:24:29] Modify product: UPF0073 inner membrane protein YqfA => hypothetical protein
[15:24:29] Modify product: Uncharacterized protein YpjD => putative protein YpjD
[15:24:29] Modify product: UPF0302 protein BA_1542/GBAA_1542/BAS1430 => hypothetical protein
[15:24:29] Modify product: 30S ribosomal protein S1 homolog => 30S ribosomal protein S1 
[15:24:29] Modify product: Putative dipeptidase SA1572 => Putative dipeptidase
[15:24:29] Modify product: Uncharacterized multiple-sugar transport system permease YteP => putative multiple-sugar transport system permease YteP
[15:24:29] Modify product: Uncharacterized response regulatory protein SACOL0201 => putative response regulatory protein
[15:24:29] Modify product: Uncharacterized ABC transporter ATP-binding protein Rv0986 => putative ABC transporter ATP-binding protein
[15:24:29] Modify product: Probable phosphotransferase enzyme IIB component M6_Spy0801 => putative phosphotransferase enzyme IIB component
[15:24:29] Modify product: Calcium-transporting ATPase lmo0841 => Calcium-transporting ATPase
[15:24:29] Modify product: Putative universal stress protein SA1532 => Putative universal stress protein
[15:24:29] Modify product: Uncharacterized protein PA2218 => putative protein
[15:24:29] Modify product: Uncharacterized HTH-type transcriptional regulator HI_0186 => putative HTH-type transcriptional regulator
[15:24:29] Modify product: Deacetylase EF_0837 => Deacetylase
[15:24:29] Modify product: Probable L-ascorbate-6-phosphate lactonase UlaG => putative L-ascorbate-6-phosphate lactonase UlaG
[15:24:29] Cleaned 190 /product names
[15:24:29] Deleting unwanted file: data/tmp/4_prokka_ann//paper1.sprot.tmp.650152.faa
[15:24:29] Deleting unwanted file: data/tmp/4_prokka_ann//paper1.sprot.tmp.650152.blast
[15:24:29] There are still 1464 unannotated CDS left (started with 3126)
[15:24:29] Will use hmmer3 to search against /sw/arch/eb/software/prokka/1.14.5-gompi-2024a/db/hmm/HAMAP.hmm with 8 CPUs
[15:24:29] Running: cat data\/tmp\/4_prokka_ann\/\/paper1\.HAMAP\.hmm\.tmp\.650152\.faa | parallel --gnu --plain -j 8 --block 21831 --recstart '>' --pipe hmmscan --noali --notextw --acc -E 1e-09 --cpu 1 /sw/arch/eb/software/prokka/1.14.5-gompi-2024a/db/hmm/HAMAP.hmm /dev/stdin > data\/tmp\/4_prokka_ann\/\/paper1\.HAMAP\.hmm\.tmp\.650152\.hmmer3 2> /dev/null
[15:24:57] Modify product: Uncharacterized MFS-type transporter YfcJ => putative MFS-type transporter YfcJ
[15:24:57] Modify product: Protein SprT-like => Protein SprT-like protein
[15:24:57] Cleaned 2 /product names
[15:24:57] Deleting unwanted file: data/tmp/4_prokka_ann//paper1.HAMAP.hmm.tmp.650152.faa
[15:24:57] Deleting unwanted file: data/tmp/4_prokka_ann//paper1.HAMAP.hmm.tmp.650152.hmmer3
[15:24:57] Labelling remaining 1343 proteins as 'hypothetical protein'
[15:24:57] Possible /pseudo 'UDP-Gal:alpha-D-GlcNAc-diphosphoundecaprenol beta-1,3-galactosyltransferase' at tig00000001 position 111251
[15:24:57] Possible /pseudo 'IS3 family transposase ISEfa8' at tig00000001 position 139404
[15:24:57] Possible /pseudo 'IS30 family transposase IS1252' at tig00000001 position 192931
[15:24:57] Possible /pseudo 'putative ABC transporter ATP-binding protein' at tig00000001 position 370976
[15:24:57] Possible /pseudo 'putative ABC transporter ATP-binding protein' at tig00000001 position 384426
[15:24:57] Possible /pseudo 'Multidrug efflux protein YfmO' at tig00000001 position 480086
[15:24:57] Possible /pseudo 'Putative NAD(P)H nitroreductase YodC' at tig00000001 position 483747
[15:24:57] Possible /pseudo 'putative protein' at tig00000001 position 739986
[15:24:57] Possible /pseudo 'Calcium-transporting ATPase 1' at tig00000001 position 852959
[15:24:57] Possible /pseudo 'IS3 family transposase IS1485' at tig00000001 position 899831
[15:24:57] Possible /pseudo 'IS256 family transposase ISEf1' at tig00000001 position 909240
[15:24:57] Possible /pseudo 'Na(+)/H(+) antiporter NhaC' at tig00000001 position 987971
[15:24:57] Possible /pseudo 'Regulatory protein Spx' at tig00000001 position 1049849
[15:24:57] Possible /pseudo 'Coenzyme A biosynthesis bifunctional protein CoaBC' at tig00000001 position 1270332
[15:24:57] Possible /pseudo 'PTS system fructose-specific EIIABC component' at tig00000001 position 1304798
[15:24:57] Possible /pseudo 'PTS system mannose-specific EIIAB component' at tig00000001 position 1349934
[15:24:57] Possible /pseudo 'IS3 family transposase ISEfa8' at tig00000001 position 1434131
[15:24:57] Possible /pseudo 'putative ABC transporter ATP-binding protein' at tig00000001 position 1541771
[15:24:57] Possible /pseudo 'IS3 family transposase IS1485' at tig00000001 position 1593427
[15:24:57] Possible /pseudo 'putative tRNA sulfurtransferase' at tig00000001 position 1606729
[15:24:57] Possible /pseudo 'putative ABC transporter ATP-binding protein' at tig00000001 position 1619237
[15:24:57] Possible /pseudo 'Phosphate import ATP-binding protein PstB 3' at tig00000001 position 1767355
[15:24:57] Possible /pseudo 'IS3 family transposase ISEfa8' at tig00000001 position 1951616
[15:24:57] Possible /pseudo 'Acetolactate synthase' at tig00000001 position 1989854
[15:24:57] Possible /pseudo 'IS256 family transposase ISEf1' at tig00000001 position 1995547
[15:24:57] Possible /pseudo 'Phosphonoacetaldehyde hydrolase' at tig00000001 position 2096138
[15:24:57] Possible /pseudo 'Xylulose-5-phosphate phosphoketolase' at tig00000001 position 2118552
[15:24:57] Possible /pseudo 'ATP-dependent Clp protease ATP-binding subunit ClpX' at tig00000001 position 2171535
[15:24:57] Possible /pseudo 'Na(+), Li(+), K(+)/H(+) antiporter subunit B' at tig00000001 position 2214064
[15:24:57] Possible /pseudo 'Primosomal protein DnaI' at tig00000001 position 2236482
[15:24:57] Possible /pseudo 'GTP cyclohydrolase 1 type 2 ' at tig00000001 position 2240376
[15:24:57] Possible /pseudo 'General stress protein A' at tig00000001 position 2293480
[15:24:57] Possible /pseudo 'Na(+)/H(+) antiporter' at tig00000001 position 2320300
[15:24:57] Possible /pseudo 'Mannonate dehydratase' at tig00000001 position 2327202
[15:24:57] Possible /pseudo 'Dihydroorotate dehydrogenase B (NAD(+)), electron transfer subunit' at tig00000001 position 2419668
[15:24:57] Possible /pseudo 'ATP-dependent helicase/deoxyribonuclease subunit B' at tig00000001 position 2506903
[15:24:57] Possible /pseudo 'Di-/tripeptide transporter' at tig00000001 position 2510414
[15:24:57] Possible /pseudo 'Sensor histidine kinase DcuS' at tig00000001 position 2600296
[15:24:57] Possible /pseudo 'PTS system mannose-specific EIIBCA component' at tig00000001 position 2740155
[15:24:57] Possible /pseudo 'ISL3 family transposase ISEfa5' at tig00000002 position 861
[15:24:57] Possible /pseudo 'IS3 family transposase ISEfa10' at tig00000002 position 74908
[15:24:57] Possible /pseudo 'IS3 family transposase IS1485' at tig00000002 position 110811
[15:24:57] Possible /pseudo 'IS256 family transposase ISBsu2' at tig00000002 position 114003
[15:24:57] Possible /pseudo 'IS3 family transposase ISEfa8' at tig00000002 position 159113
[15:24:57] Possible /pseudo 'IS3 family transposase ISEfa8' at tig00000002 position 161728
[15:24:57] Possible /pseudo 'IS6 family transposase IS1216V' at tig00000002 position 198878
[15:24:57] Found 1180 unique /gene codes.
[15:24:57] Fixed 2 duplicate /gene - murR_1 murR_2
[15:24:57] Fixed 2 duplicate /gene - dnaI_1 dnaI_2
[15:24:57] Fixed 2 duplicate /gene - coaBC_1 coaBC_2
[15:24:57] Fixed 2 duplicate /gene - thiI_1 thiI_2
[15:24:57] Fixed 2 duplicate /gene - wbbD_1 wbbD_2
[15:24:57] Fixed 2 duplicate /gene - ptcB_1 ptcB_2
[15:24:57] Fixed 2 duplicate /gene - malL_1 malL_2
[15:24:57] Fixed 2 duplicate /gene - rpsN2_1 rpsN2_2
[15:24:57] Fixed 2 duplicate /gene - agaC_1 agaC_2
[15:24:57] Fixed 2 duplicate /gene - mutS2_1 mutS2_2
[15:24:57] Fixed 2 duplicate /gene - steT_1 steT_2
[15:24:57] Fixed 2 duplicate /gene - gamP_1 gamP_2
[15:24:57] Fixed 5 duplicate /gene - bglF_1 bglF_2 bglF_3 bglF_4 bglF_5
[15:24:57] Fixed 2 duplicate /gene - glcU_1 glcU_2
[15:24:57] Fixed 2 duplicate /gene - hrtA_1 hrtA_2
[15:24:57] Fixed 2 duplicate /gene - dinG_1 dinG_2
[15:24:57] Fixed 2 duplicate /gene - gpsA_1 gpsA_2
[15:24:57] Fixed 3 duplicate /gene - murJ_1 murJ_2 murJ_3
[15:24:57] Fixed 2 duplicate /gene - pbpX_1 pbpX_2
[15:24:57] Fixed 2 duplicate /gene - pstS1_1 pstS1_2
[15:24:57] Fixed 3 duplicate /gene - manR_1 manR_2 manR_3
[15:24:57] Fixed 2 duplicate /gene - vanH_1 vanH_2
[15:24:57] Fixed 2 duplicate /gene - ftsW_1 ftsW_2
[15:24:57] Fixed 2 duplicate /gene - pyrK_1 pyrK_2
[15:24:57] Fixed 2 duplicate /gene - yecS_1 yecS_2
[15:24:57] Fixed 3 duplicate /gene - phoR_1 phoR_2 phoR_3
[15:24:57] Fixed 2 duplicate /gene - nanE_1 nanE_2
[15:24:57] Fixed 2 duplicate /gene - ligA_1 ligA_2
[15:24:57] Fixed 4 duplicate /gene - topB_1 topB_2 topB_3 topB_4
[15:24:57] Fixed 4 duplicate /gene - sasA_1 sasA_2 sasA_3 sasA_4
[15:24:57] Fixed 2 duplicate /gene - pepF1_1 pepF1_2
[15:24:57] Fixed 2 duplicate /gene - napA_1 napA_2
[15:24:57] Fixed 3 duplicate /gene - uxuA_1 uxuA_2 uxuA_3
[15:24:57] Fixed 5 duplicate /gene - dgaR_1 dgaR_2 dgaR_3 dgaR_4 dgaR_5
[15:24:57] Fixed 3 duplicate /gene - frlB_1 frlB_2 frlB_3
[15:24:57] Fixed 2 duplicate /gene - nox_1 nox_2
[15:24:57] Fixed 3 duplicate /gene - yidA_1 yidA_2 yidA_3
[15:24:57] Fixed 2 duplicate /gene - gtaB_1 gtaB_2
[15:24:57] Fixed 2 duplicate /gene - ghrB_1 ghrB_2
[15:24:57] Fixed 2 duplicate /gene - purR_1 purR_2
[15:24:57] Fixed 2 duplicate /gene - gap_1 gap_2
[15:24:57] Fixed 2 duplicate /gene - oppD_1 oppD_2
[15:24:57] Fixed 8 duplicate /gene - manZ_1 manZ_2 manZ_3 manZ_4 manZ_5 manZ_6 manZ_7 manZ_8
[15:24:57] Fixed 2 duplicate /gene - metQ_1 metQ_2
[15:24:57] Fixed 2 duplicate /gene - licR_1 licR_2
[15:24:57] Fixed 2 duplicate /gene - mtlF_1 mtlF_2
[15:24:57] Fixed 2 duplicate /gene - yfmO_1 yfmO_2
[15:24:57] Fixed 3 duplicate /gene - menH_1 menH_2 menH_3
[15:24:57] Fixed 2 duplicate /gene - gph_1 gph_2
[15:24:57] Fixed 2 duplicate /gene - bceA_1 bceA_2
[15:24:57] Fixed 3 duplicate /gene - gatC_1 gatC_2 gatC_3
[15:24:57] Fixed 2 duplicate /gene - ohrB_1 ohrB_2
[15:24:57] Fixed 2 duplicate /gene - folA_1 folA_2
[15:24:57] Fixed 2 duplicate /gene - clsA_1 clsA_2
[15:24:57] Fixed 2 duplicate /gene - gmk_1 gmk_2
[15:24:57] Fixed 2 duplicate /gene - ntpJ_1 ntpJ_2
[15:24:57] Fixed 2 duplicate /gene - ltaS1_1 ltaS1_2
[15:24:57] Fixed 3 duplicate /gene - bglH_1 bglH_2 bglH_3
[15:24:57] Fixed 2 duplicate /gene - pglH_1 pglH_2
[15:24:57] Fixed 2 duplicate /gene - panT_1 panT_2
[15:24:57] Fixed 2 duplicate /gene - glnQ_1 glnQ_2
[15:24:57] Fixed 2 duplicate /gene - cdr_1 cdr_2
[15:24:57] Fixed 5 duplicate /gene - licT_1 licT_2 licT_3 licT_4 licT_5
[15:24:57] Fixed 2 duplicate /gene - manP_1 manP_2
[15:24:57] Fixed 2 duplicate /gene - rpmF_1 rpmF_2
[15:24:57] Fixed 2 duplicate /gene - gltC_1 gltC_2
[15:24:57] Fixed 7 duplicate /gene - araQ_1 araQ_2 araQ_3 araQ_4 araQ_5 araQ_6 araQ_7
[15:24:57] Fixed 4 duplicate /gene - licC_1 licC_2 licC_3 licC_4
[15:24:57] Fixed 2 duplicate /gene - uvrC_1 uvrC_2
[15:24:57] Fixed 2 duplicate /gene - clpX_1 clpX_2
[15:24:57] Fixed 2 duplicate /gene - ldh_1 ldh_2
[15:24:57] Fixed 2 duplicate /gene - galK_1 galK_2
[15:24:57] Fixed 2 duplicate /gene - alsS_1 alsS_2
[15:24:57] Fixed 2 duplicate /gene - aes_1 aes_2
[15:24:57] Fixed 2 duplicate /gene - umpB_1 umpB_2
[15:24:57] Fixed 2 duplicate /gene - msrA_1 msrA_2
[15:24:57] Fixed 2 duplicate /gene - queT_1 queT_2
[15:24:57] Fixed 2 duplicate /gene - helD_1 helD_2
[15:24:57] Fixed 2 duplicate /gene - rluB_1 rluB_2
[15:24:57] Fixed 2 duplicate /gene - lacE_1 lacE_2
[15:24:57] Fixed 4 duplicate /gene - degA_1 degA_2 degA_3 degA_4
[15:24:57] Fixed 2 duplicate /gene - rpe_1 rpe_2
[15:24:57] Fixed 3 duplicate /gene - rhaS_1 rhaS_2 rhaS_3
[15:24:57] Fixed 2 duplicate /gene - arlR_1 arlR_2
[15:24:57] Fixed 2 duplicate /gene - ponA_1 ponA_2
[15:24:57] Fixed 4 duplicate /gene - sorA_1 sorA_2 sorA_3 sorA_4
[15:24:57] Fixed 2 duplicate /gene - gspA_1 gspA_2
[15:24:57] Fixed 2 duplicate /gene - yvdM_1 yvdM_2
[15:24:57] Fixed 2 duplicate /gene - ribZ_1 ribZ_2
[15:24:57] Fixed 2 duplicate /gene - gmuC_1 gmuC_2
[15:24:57] Fixed 2 duplicate /gene - eis_1 eis_2
[15:24:57] Fixed 2 duplicate /gene - addB_1 addB_2
[15:24:57] Fixed 2 duplicate /gene - yfnB_1 yfnB_2
[15:24:57] Fixed 2 duplicate /gene - dcuS_1 dcuS_2
[15:24:57] Fixed 2 duplicate /gene - scaC_1 scaC_2
[15:24:57] Fixed 3 duplicate /gene - xylB_1 xylB_2 xylB_3
[15:24:57] Fixed 2 duplicate /gene - dtpT_1 dtpT_2
[15:24:57] Fixed 2 duplicate /gene - tadA_1 tadA_2
[15:24:57] Fixed 3 duplicate /gene - ssb_1 ssb_2 ssb_3
[15:24:57] Fixed 2 duplicate /gene - def_1 def_2
[15:24:57] Fixed 2 duplicate /gene - polC_1 polC_2
[15:24:57] Fixed 2 duplicate /gene - yodC_1 yodC_2
[15:24:57] Fixed 2 duplicate /gene - ybaK_1 ybaK_2
[15:24:57] Fixed 5 duplicate /gene - fruA_1 fruA_2 fruA_3 fruA_4 fruA_5
[15:24:57] Fixed 2 duplicate /gene - walK_1 walK_2
[15:24:57] Fixed 2 duplicate /gene - pnp_1 pnp_2
[15:24:57] Fixed 2 duplicate /gene - ssaB_1 ssaB_2
[15:24:57] Fixed 2 duplicate /gene - clpP_1 clpP_2
[15:24:57] Fixed 3 duplicate /gene - cbh_1 cbh_2 cbh_3
[15:24:57] Fixed 2 duplicate /gene - norR_1 norR_2
[15:24:57] Fixed 2 duplicate /gene - opuCA_1 opuCA_2
[15:24:57] Fixed 2 duplicate /gene - metP_1 metP_2
[15:24:57] Fixed 2 duplicate /gene - brnQ_1 brnQ_2
[15:24:57] Fixed 2 duplicate /gene - lolD_1 lolD_2
[15:24:57] Fixed 2 duplicate /gene - srrA_1 srrA_2
[15:24:57] Fixed 2 duplicate /gene - mprF_1 mprF_2
[15:24:57] Fixed 2 duplicate /gene - mro_1 mro_2
[15:24:57] Fixed 2 duplicate /gene - gadC_1 gadC_2
[15:24:57] Fixed 2 duplicate /gene - malH_1 malH_2
[15:24:57] Fixed 2 duplicate /gene - npr_1 npr_2
[15:24:57] Fixed 2 duplicate /gene - fabZ_1 fabZ_2
[15:24:57] Fixed 2 duplicate /gene - tuf_1 tuf_2
[15:24:57] Fixed 2 duplicate /gene - recQ_1 recQ_2
[15:24:57] Fixed 2 duplicate /gene - sorB_1 sorB_2
[15:24:57] Fixed 2 duplicate /gene - COQ5_1 COQ5_2
[15:24:57] Fixed 13 duplicate /gene - xerC_1 xerC_2 xerC_3 xerC_4 xerC_5 xerC_6 xerC_7 xerC_8 xerC_9 xerC_10 xerC_11 xerC_12 xerC_13
[15:24:57] Fixed 3 duplicate /gene - smc_1 smc_2 smc_3
[15:24:57] Fixed 2 duplicate /gene - phnX_1 phnX_2
[15:24:57] Fixed 6 duplicate /gene - manX_1 manX_2 manX_3 manX_4 manX_5 manX_6
[15:24:57] Fixed 2 duplicate /gene - ywpJ_1 ywpJ_2
[15:24:57] Fixed 2 duplicate /gene - sbnD_1 sbnD_2
[15:24:57] Fixed 3 duplicate /gene - umuC_1 umuC_2 umuC_3
[15:24:57] Fixed 3 duplicate /gene - gpmA_1 gpmA_2 gpmA_3
[15:24:57] Fixed 2 duplicate /gene - araR_1 araR_2
[15:24:57] Fixed 2 duplicate /gene - rex_1 rex_2
[15:24:57] Fixed 2 duplicate /gene - ybbH_1 ybbH_2
[15:24:57] Fixed 2 duplicate /gene - ugl_1 ugl_2
[15:24:57] Fixed 2 duplicate /gene - srtA_1 srtA_2
[15:24:57] Fixed 2 duplicate /gene - araN_1 araN_2
[15:24:57] Fixed 2 duplicate /gene - oppF_1 oppF_2
[15:24:57] Fixed 3 duplicate /gene - nhaC_1 nhaC_2 nhaC_3
[15:24:57] Fixed 2 duplicate /gene - licA_1 licA_2
[15:24:57] Fixed 3 duplicate /gene - yteP_1 yteP_2 yteP_3
[15:24:57] Fixed 2 duplicate /gene - lacR_1 lacR_2
[15:24:57] Fixed 2 duplicate /gene - atpE_1 atpE_2
[15:24:57] Fixed 2 duplicate /gene - abfA_1 abfA_2
[15:24:57] Fixed 3 duplicate /gene - prsA_1 prsA_2 prsA_3
[15:24:57] Fixed 2 duplicate /gene - rpmGA_1 rpmGA_2
[15:24:57] Fixed 2 duplicate /gene - nagR_1 nagR_2
[15:24:57] Fixed 6 duplicate /gene - btuD_1 btuD_2 btuD_3 btuD_4 btuD_5 btuD_6
[15:24:57] Fixed 5 duplicate /gene - bin3_1 bin3_2 bin3_3 bin3_4 bin3_5
[15:24:57] Fixed 2 duplicate /gene - melR_1 melR_2
[15:24:57] Fixed 2 duplicate /gene - iscS_1 iscS_2
[15:24:57] Fixed 2 duplicate /gene - mutS_1 mutS_2
[15:24:57] Fixed 2 duplicate /gene - ccpA_1 ccpA_2
[15:24:57] Fixed 2 duplicate /gene - mltF_1 mltF_2
[15:24:57] Fixed 6 duplicate /gene - rhaR_1 rhaR_2 rhaR_3 rhaR_4 rhaR_5 rhaR_6
[15:24:57] Fixed 2 duplicate /gene - bceB_1 bceB_2
[15:24:57] Fixed 2 duplicate /gene - wbgU_1 wbgU_2
[15:24:57] Fixed 2 duplicate /gene - exuR_1 exuR_2
[15:24:57] Fixed 2 duplicate /gene - rspR_1 rspR_2
[15:24:57] Fixed 2 duplicate /gene - xpkA_1 xpkA_2
[15:24:57] Fixed 2 duplicate /gene - ygaZ_1 ygaZ_2
[15:24:57] Fixed 2 duplicate /gene - lacC_1 lacC_2
[15:24:57] Fixed 2 duplicate /gene - cspLA_1 cspLA_2
[15:24:57] Fixed 2 duplicate /gene - treP_1 treP_2
[15:24:57] Fixed 3 duplicate /gene - yxdL_1 yxdL_2 yxdL_3
[15:24:57] Fixed 2 duplicate /gene - scrB_1 scrB_2
[15:24:57] Fixed 4 duplicate /gene - ptsG_1 ptsG_2 ptsG_3 ptsG_4
[15:24:57] Fixed 2 duplicate /gene - folT_1 folT_2
[15:24:57] Fixed 2 duplicate /gene - yoeB_1 yoeB_2
[15:24:57] Fixed 5 duplicate /gene - spxA_1 spxA_2 spxA_3 spxA_4 spxA_5
[15:24:57] Fixed 2 duplicate /gene - gatA_1 gatA_2
[15:24:57] Fixed 2 duplicate /gene - iolU_1 iolU_2
[15:24:57] Fixed 3 duplicate /gene - hdfR_1 hdfR_2 hdfR_3
[15:24:57] Fixed 2 duplicate /gene - murA1_1 murA1_2
[15:24:57] Fixed 2 duplicate /gene - arnC_1 arnC_2
[15:24:57] Fixed 2 duplicate /gene - ctpE_1 ctpE_2
[15:24:57] Fixed 2 duplicate /gene - gmuD_1 gmuD_2
[15:24:57] Fixed 2 duplicate /gene - dagK_1 dagK_2
[15:24:57] Fixed 2 duplicate /gene - dapH_1 dapH_2
[15:24:57] Fixed 3 duplicate /gene - argR_1 argR_2 argR_3
[15:24:57] Fixed 3 duplicate /gene - tagU_1 tagU_2 tagU_3
[15:24:57] Fixed 2 duplicate /gene - bcrA_1 bcrA_2
[15:24:57] Fixed 3 duplicate /gene - soj_1 soj_2 soj_3
[15:24:57] Fixed 2 duplicate /gene - guaA_1 guaA_2
[15:24:57] Fixed 2 duplicate /gene - arcD1_1 arcD1_2
[15:24:57] Fixed 3 duplicate /gene - agaA_1 agaA_2 agaA_3
[15:24:57] Fixed 3 duplicate /gene - ybiT_1 ybiT_2 ybiT_3
[15:24:57] Fixed 2 duplicate /gene - vanA_1 vanA_2
[15:24:57] Fixed 5 duplicate /gene - gmuE_1 gmuE_2 gmuE_3 gmuE_4 gmuE_5
[15:24:57] Fixed 5 duplicate /gene - lacF_1 lacF_2 lacF_3 lacF_4 lacF_5
[15:24:57] Fixed 2 duplicate /gene - fabG_1 fabG_2
[15:24:57] Fixed 3 duplicate /gene - lacG_1 lacG_2 lacG_3
[15:24:57] Fixed 2 duplicate /gene - rluD_1 rluD_2
[15:24:57] Fixed 2 duplicate /gene - walR_1 walR_2
[15:24:57] Fixed 3 duplicate /gene - artM_1 artM_2 artM_3
[15:24:57] Fixed 2 duplicate /gene - ulaA_1 ulaA_2
[15:24:57] Fixed 2 duplicate /gene - natA_1 natA_2
[15:24:57] Fixed 2 duplicate /gene - pstB3_1 pstB3_2
[15:24:57] Fixed 200 colliding /gene names.
[15:24:57] Adding /locus_tag identifiers
[15:24:57] Assigned 3212 locus_tags to CDS and RNA features.
[15:24:57] Writing outputs to data/tmp/4_prokka_ann//
[15:24:58] Generating annotation statistics file
[15:24:58] Generating Genbank and Sequin files
[15:24:58] Running: tbl2asn -V b -a r10k -l paired-ends -M n -N 1 -y 'Annotated using prokka 1.14.5 from https://github.com/tseemann/prokka' -Z data\/tmp\/4_prokka_ann\/\/paper1\.err -i data\/tmp\/4_prokka_ann\/\/paper1\.fsa 2> /dev/null
[15:25:01] Deleting unwanted file: data/tmp/4_prokka_ann//errorsummary.val
[15:25:01] Deleting unwanted file: data/tmp/4_prokka_ann//paper1.dr
[15:25:01] Deleting unwanted file: data/tmp/4_prokka_ann//paper1.fixedproducts
[15:25:01] Deleting unwanted file: data/tmp/4_prokka_ann//paper1.ecn
[15:25:01] Deleting unwanted file: data/tmp/4_prokka_ann//paper1.val
[15:25:01] Repairing broken .GBK output that tbl2asn produces...
[15:25:01] Running: sed 's/COORDINATES: profile/COORDINATES:profile/' < data\/tmp\/4_prokka_ann\/\/paper1\.gbf > data\/tmp\/4_prokka_ann\/\/paper1\.gbk
[15:25:01] Deleting unwanted file: data/tmp/4_prokka_ann//paper1.gbf
[15:25:01] Output files:
[15:25:01] data/tmp/4_prokka_ann/paper1.tbl
[15:25:01] data/tmp/4_prokka_ann/paper1.txt
[15:25:01] data/tmp/4_prokka_ann/paper1.ffn
[15:25:01] data/tmp/4_prokka_ann/paper1.log
[15:25:01] data/tmp/4_prokka_ann/paper1.err
[15:25:01] data/tmp/4_prokka_ann/paper1.gff
[15:25:01] data/tmp/4_prokka_ann/paper1.tsv
[15:25:01] data/tmp/4_prokka_ann/paper1.sqn
[15:25:01] data/tmp/4_prokka_ann/paper1.fna
[15:25:01] data/tmp/4_prokka_ann/paper1.fsa
[15:25:01] data/tmp/4_prokka_ann/paper1.faa
[15:25:01] data/tmp/4_prokka_ann/paper1.gbk
[15:25:01] Annotation finished successfully.
[15:25:01] Walltime used: 4.07 minutes
[15:25:01] If you use this result please cite the Prokka paper:
[15:25:01] Seemann T (2014) Prokka: rapid prokaryotic genome annotation. Bioinformatics. 30(14):2068-9.
[15:25:01] Type 'prokka --citation' for more details.
[15:25:01] Thank you, come again.
