[M::bwa_idx_load_from_disk] read 0 ALT contigs
[M::process] read 784396 sequences (40000088 bp)...
[M::process] read 784516 sequences (40000057 bp)...
[M::mem_process_seqs] Processed 784396 reads in 17.092 CPU sec, 4.592 real sec
[M::process] read 784560 sequences (40000041 bp)...
[M::mem_process_seqs] Processed 784516 reads in 17.151 CPU sec, 5.342 real sec
[M::process] read 784472 sequences (40000012 bp)...
[M::mem_process_seqs] Processed 784560 reads in 17.269 CPU sec, 5.524 real sec
[M::process] read 784764 sequences (40000017 bp)...
[M::mem_process_seqs] Processed 784472 reads in 15.217 CPU sec, 6.089 real sec
[M::process] read 784400 sequences (40000087 bp)...
[M::mem_process_seqs] Processed 784764 reads in 17.245 CPU sec, 5.052 real sec
[M::process] read 784426 sequences (40000027 bp)...
[M::mem_process_seqs] Processed 784400 reads in 16.894 CPU sec, 8.645 real sec
[M::process] read 784516 sequences (40000077 bp)...
[M::mem_process_seqs] Processed 784426 reads in 17.220 CPU sec, 4.553 real sec
[M::process] read 784482 sequences (40000034 bp)...
[M::mem_process_seqs] Processed 784516 reads in 17.584 CPU sec, 4.594 real sec
[M::process] read 623297 sequences (31767615 bp)...
[M::mem_process_seqs] Processed 784482 reads in 17.245 CPU sec, 4.520 real sec
[M::mem_process_seqs] Processed 623297 reads in 13.357 CPU sec, 3.541 real sec
[main] Version: 0.7.19-r1273
[main] CMD: bwa mem -t 4 -R @RG\tID:trim_ERR1801009_pass\tSM:HI_Serum\tLB:HI_Serum\tPL:ILLUMINA data/tmp/2_canu_assembly/paper1_e745.contigs.fasta data/1_Zhang_2017/transcriptomics_data/Tn-Seq_HSerum/trim_ERR1801009_pass.fastq.gz
[main] Real time: 53.588 sec; CPU: 167.284 sec
[bam_sort_core] merging from 0 files and 4 in-memory blocks...
[M::bwa_idx_load_from_disk] read 0 ALT contigs
[M::process] read 784402 sequences (40000064 bp)...
[M::process] read 784474 sequences (40000058 bp)...
[M::mem_process_seqs] Processed 784402 reads in 17.041 CPU sec, 7.614 real sec
[M::process] read 784672 sequences (40000067 bp)...
[M::mem_process_seqs] Processed 784474 reads in 15.588 CPU sec, 6.147 real sec
[M::process] read 784536 sequences (40000092 bp)...
[M::mem_process_seqs] Processed 784672 reads in 17.528 CPU sec, 4.657 real sec
[M::process] read 784800 sequences (40000009 bp)...
[M::mem_process_seqs] Processed 784536 reads in 16.541 CPU sec, 4.636 real sec
[M::process] read 784398 sequences (40000101 bp)...
[M::mem_process_seqs] Processed 784800 reads in 17.741 CPU sec, 4.572 real sec
[M::process] read 784572 sequences (40000017 bp)...
[M::mem_process_seqs] Processed 784398 reads in 17.497 CPU sec, 4.572 real sec
[M::process] read 784398 sequences (40000006 bp)...
[M::mem_process_seqs] Processed 784572 reads in 17.337 CPU sec, 4.550 real sec
[M::process] read 685904 sequences (34949780 bp)...
[M::mem_process_seqs] Processed 784398 reads in 17.346 CPU sec, 4.548 real sec
[M::mem_process_seqs] Processed 685904 reads in 14.252 CPU sec, 3.912 real sec
[main] Version: 0.7.19-r1273
[main] CMD: bwa mem -t 4 -R @RG\tID:trim_ERR1801010_pass\tSM:HI_Serum\tLB:HI_Serum\tPL:ILLUMINA data/tmp/2_canu_assembly/paper1_e745.contigs.fasta data/1_Zhang_2017/transcriptomics_data/Tn-Seq_HSerum/trim_ERR1801010_pass.fastq.gz
[main] Real time: 46.346 sec; CPU: 151.910 sec
[bam_sort_core] merging from 0 files and 4 in-memory blocks...
[M::bwa_idx_load_from_disk] read 0 ALT contigs
[M::process] read 784384 sequences (40000012 bp)...
[M::process] read 784532 sequences (40000100 bp)...
[M::mem_process_seqs] Processed 784384 reads in 16.406 CPU sec, 5.304 real sec
[M::process] read 784530 sequences (40000047 bp)...
[M::mem_process_seqs] Processed 784532 reads in 17.281 CPU sec, 5.441 real sec
[M::process] read 784586 sequences (40000003 bp)...
[M::mem_process_seqs] Processed 784530 reads in 18.158 CPU sec, 4.663 real sec
[M::process] read 784608 sequences (40000081 bp)...
[M::mem_process_seqs] Processed 784586 reads in 17.958 CPU sec, 4.688 real sec
[M::process] read 784390 sequences (40000089 bp)...
[M::mem_process_seqs] Processed 784608 reads in 17.635 CPU sec, 4.739 real sec
[M::process] read 784564 sequences (40000031 bp)...
[M::mem_process_seqs] Processed 784390 reads in 17.751 CPU sec, 4.659 real sec
[M::process] read 784396 sequences (40000010 bp)...
[M::mem_process_seqs] Processed 784564 reads in 17.274 CPU sec, 4.640 real sec
[M::process] read 658941 sequences (33586769 bp)...
[M::mem_process_seqs] Processed 784396 reads in 17.407 CPU sec, 4.556 real sec
[M::mem_process_seqs] Processed 658941 reads in 13.863 CPU sec, 3.905 real sec
[main] Version: 0.7.19-r1273
[main] CMD: bwa mem -t 4 -R @RG\tID:trim_ERR1801011_pass\tSM:HI_Serum\tLB:HI_Serum\tPL:ILLUMINA data/tmp/2_canu_assembly/paper1_e745.contigs.fasta data/1_Zhang_2017/transcriptomics_data/Tn-Seq_HSerum/trim_ERR1801011_pass.fastq.gz
[main] Real time: 43.794 sec; CPU: 154.765 sec
[bam_sort_core] merging from 0 files and 4 in-memory blocks...
[M::bwa_idx_load_from_disk] read 0 ALT contigs
[M::process] read 784380 sequences (40000051 bp)...
[M::process] read 784498 sequences (40000043 bp)...
[M::mem_process_seqs] Processed 784380 reads in 16.130 CPU sec, 6.914 real sec
[M::process] read 784476 sequences (40000008 bp)...
[M::mem_process_seqs] Processed 784498 reads in 16.265 CPU sec, 4.735 real sec
[M::process] read 784528 sequences (40000045 bp)...
[M::mem_process_seqs] Processed 784476 reads in 17.209 CPU sec, 4.503 real sec
[M::process] read 784558 sequences (40000067 bp)...
[M::mem_process_seqs] Processed 784528 reads in 16.906 CPU sec, 4.657 real sec
[M::process] read 784390 sequences (40000086 bp)...
[M::mem_process_seqs] Processed 784558 reads in 17.011 CPU sec, 4.515 real sec
[M::process] read 784468 sequences (40000049 bp)...
[M::mem_process_seqs] Processed 784390 reads in 17.198 CPU sec, 4.492 real sec
[M::process] read 784458 sequences (40000082 bp)...
[M::mem_process_seqs] Processed 784468 reads in 16.923 CPU sec, 4.425 real sec
[M::process] read 565000 sequences (28799872 bp)...
[M::mem_process_seqs] Processed 784458 reads in 16.977 CPU sec, 4.466 real sec
[M::mem_process_seqs] Processed 565000 reads in 11.835 CPU sec, 3.122 real sec
[main] Version: 0.7.19-r1273
[main] CMD: bwa mem -t 4 -R @RG\tID:trim_ERR1801012_pass\tSM:BHI\tLB:BHI\tPL:ILLUMINA data/tmp/2_canu_assembly/paper1_e745.contigs.fasta data/1_Zhang_2017/transcriptomics_data/Tn-Seq_BHI/trim_ERR1801012_pass.fastq.gz
[main] Real time: 42.940 sec; CPU: 147.457 sec
[bam_sort_core] merging from 0 files and 4 in-memory blocks...
[M::bwa_idx_load_from_disk] read 0 ALT contigs
[M::process] read 784400 sequences (40000054 bp)...
[M::process] read 784570 sequences (40000049 bp)...
[M::mem_process_seqs] Processed 784400 reads in 17.028 CPU sec, 5.019 real sec
[M::process] read 784466 sequences (40000053 bp)...
[M::mem_process_seqs] Processed 784570 reads in 16.650 CPU sec, 4.723 real sec
[M::process] read 784662 sequences (40000084 bp)...
[M::mem_process_seqs] Processed 784466 reads in 17.268 CPU sec, 4.528 real sec
[M::process] read 784484 sequences (40000050 bp)...
[M::mem_process_seqs] Processed 784662 reads in 17.108 CPU sec, 4.492 real sec
[M::process] read 784422 sequences (40000013 bp)...
[M::mem_process_seqs] Processed 784484 reads in 15.587 CPU sec, 4.880 real sec
[M::process] read 784488 sequences (40000010 bp)...
[M::mem_process_seqs] Processed 784422 reads in 17.214 CPU sec, 4.519 real sec
[M::process] read 784530 sequences (40000053 bp)...
[M::mem_process_seqs] Processed 784488 reads in 17.362 CPU sec, 4.546 real sec
[M::process] read 246397 sequences (12554255 bp)...
[M::mem_process_seqs] Processed 784530 reads in 15.875 CPU sec, 7.904 real sec
[M::mem_process_seqs] Processed 246397 reads in 5.228 CPU sec, 1.585 real sec
[main] Version: 0.7.19-r1273
[main] CMD: bwa mem -t 4 -R @RG\tID:trim_ERR1801013_pass\tSM:BHI\tLB:BHI\tPL:ILLUMINA data/tmp/2_canu_assembly/paper1_e745.contigs.fasta data/1_Zhang_2017/transcriptomics_data/Tn-Seq_BHI/trim_ERR1801013_pass.fastq.gz
[main] Real time: 43.211 sec; CPU: 140.242 sec
[bam_sort_core] merging from 0 files and 4 in-memory blocks...
[M::bwa_idx_load_from_disk] read 0 ALT contigs
[M::process] read 784404 sequences (40000004 bp)...
[M::process] read 784688 sequences (40000063 bp)...
[M::mem_process_seqs] Processed 784404 reads in 17.265 CPU sec, 4.723 real sec
[M::process] read 784524 sequences (40000026 bp)...
[M::mem_process_seqs] Processed 784688 reads in 16.797 CPU sec, 8.294 real sec
[M::process] read 784944 sequences (40000042 bp)...
[M::mem_process_seqs] Processed 784524 reads in 17.525 CPU sec, 4.831 real sec
[M::process] read 784524 sequences (40000007 bp)...
[M::mem_process_seqs] Processed 784944 reads in 17.312 CPU sec, 4.533 real sec
[M::process] read 784422 sequences (40000097 bp)...
[M::mem_process_seqs] Processed 784524 reads in 16.359 CPU sec, 4.821 real sec
[M::process] read 784552 sequences (40000010 bp)...
[M::mem_process_seqs] Processed 784422 reads in 17.326 CPU sec, 4.543 real sec
[M::process] read 784636 sequences (40000049 bp)...
[M::mem_process_seqs] Processed 784552 reads in 15.735 CPU sec, 4.893 real sec
[M::process] read 161640 sequences (8224790 bp)...
[M::mem_process_seqs] Processed 784636 reads in 14.821 CPU sec, 4.736 real sec
[M::mem_process_seqs] Processed 161640 reads in 3.703 CPU sec, 1.034 real sec
[main] Version: 0.7.19-r1273
[main] CMD: bwa mem -t 4 -R @RG\tID:trim_ERR1801014_pass\tSM:BHI\tLB:BHI\tPL:ILLUMINA data/tmp/2_canu_assembly/paper1_e745.contigs.fasta data/1_Zhang_2017/transcriptomics_data/Tn-Seq_BHI/trim_ERR1801014_pass.fastq.gz
[main] Real time: 43.403 sec; CPU: 137.757 sec
[bam_sort_core] merging from 0 files and 4 in-memory blocks...
