+ set -euo pipefail
+ REPO_ROOT=/home/gorgis/projects/genome/Genome_Analysis_26
+ cd /home/gorgis/projects/genome/Genome_Analysis_26
+ module load Trimmomatic/0.39-Java-17
+ '[' -z '' ']'
+ case "$-" in
+ __lmod_sh_dbg=x
+ '[' -n x ']'
+ set +x
Shell debugging temporarily silenced: export LMOD_SH_DBG_ON=1 for Lmod's output
Shell debugging restarted
+ unset __lmod_sh_dbg
+ return 0
+ RAW_DIR=data/1_Zhang_2017/transcriptomics_data/RNA-Seq_Serum/raw
+ OUT_DIR=data/tmp/5_trim_rna/serum
+ mkdir -p data/tmp/5_trim_rna/serum
+ ADAPT=/sw/arch/eb/software/Trimmomatic/0.39-Java-17/adapters/TruSeq3-PE.fa
+ TRIM_ACC_LIST=ERR1797971
+ for acc in $TRIM_ACC_LIST
+ trimmomatic PE -threads 4 -phred33 data/1_Zhang_2017/transcriptomics_data/RNA-Seq_Serum/raw/ERR1797971_1.fastq.gz data/1_Zhang_2017/transcriptomics_data/RNA-Seq_Serum/raw/ERR1797971_2.fastq.gz data/tmp/5_trim_rna/serum/ERR1797971_1P.fq.gz data/tmp/5_trim_rna/serum/ERR1797971_1U.fq.gz data/tmp/5_trim_rna/serum/ERR1797971_2P.fq.gz data/tmp/5_trim_rna/serum/ERR1797971_2U.fq.gz ILLUMINACLIP:/sw/arch/eb/software/Trimmomatic/0.39-Java-17/adapters/TruSeq3-PE.fa:2:30:10 MINLEN:36
TrimmomaticPE: Started with arguments:
 -threads 4 -phred33 data/1_Zhang_2017/transcriptomics_data/RNA-Seq_Serum/raw/ERR1797971_1.fastq.gz data/1_Zhang_2017/transcriptomics_data/RNA-Seq_Serum/raw/ERR1797971_2.fastq.gz data/tmp/5_trim_rna/serum/ERR1797971_1P.fq.gz data/tmp/5_trim_rna/serum/ERR1797971_1U.fq.gz data/tmp/5_trim_rna/serum/ERR1797971_2P.fq.gz data/tmp/5_trim_rna/serum/ERR1797971_2U.fq.gz ILLUMINACLIP:/sw/arch/eb/software/Trimmomatic/0.39-Java-17/adapters/TruSeq3-PE.fa:2:30:10 MINLEN:36
Using PrefixPair: 'TACACTCTTTCCCTACACGACGCTCTTCCGATCT' and 'GTGACTGGAGTTCAGACGTGTGCTCTTCCGATCT'
ILLUMINACLIP: Using 1 prefix pairs, 0 forward/reverse sequences, 0 forward only sequences, 0 reverse only sequences
[2026-05-07T10:56:46.007] error: *** JOB 5265915 ON p79 CANCELLED AT 2026-05-07T10:56:46 DUE TO TIME LIMIT ***
