=== Step 1: Trim 3' magellan6 transposon end ===
This is cutadapt 5.0 with Python 3.12.3
Command line parameters: -a AACAGGTTGGATGATAAGTCCCCGGTCTTC -O 10 -o ./step1_notransposon.fastq /proj/uppmax2026-1-61/Genome_Analysis/1_Zhang_2017/transcriptomics_data/Tn-Seq_BHI/trim_ERR1801014_pass.fastq.gz
Processing single-end reads on 1 core ...

=== Summary ===

Total reads processed:               6,438,334
Reads with adapters:                 6,332,017 (98.3%)
Reads written (passing filters):     6,438,334 (100.0%)

Total basepairs processed:   328,225,088 bp
Total written (filtered):    140,259,104 bp (42.7%)

=== Adapter 1 ===

Sequence: AACAGGTTGGATGATAAGTCCCCGGTCTTC; Type: regular 3'; Length: 30; Trimmed: 6332017 times

Minimum overlap: 10
No. of allowed errors:
1-9 bp: 0; 10-19 bp: 1; 20-29 bp: 2; 30 bp: 3

Bases preceding removed adapters:
  A: 0.7%
  C: 0.2%
  G: 0.2%
  T: 98.9%
  none/other: 0.0%
WARNING:
    The adapter is preceded by 'T' extremely often.
    The provided adapter sequence could be incomplete at its 5' end.
    Ignore this warning when trimming primers.

Overview of removed sequences
length	count	expect	max.err	error counts
9	1100	24.6	0	0 1100
10	161	6.1	1	158 3
11	1186	1.5	1	1167 19
12	1146	0.4	1	1126 20
13	435	0.1	1	385 50
14	1660	0.0	1	1622 38
15	662	0.0	1	641 21
16	760	0.0	1	747 13
17	377	0.0	1	366 11
18	822	0.0	1	795 27
19	1020	0.0	1	994 25 1
20	190	0.0	2	186 4
22	113	0.0	2	109 4
23	1	0.0	2	1
24	1	0.0	2	1
25	1	0.0	2	1
26	1	0.0	2	1
27	14	0.0	2	12 1 1
28	7373	0.0	2	5701 1128 539 5
29	2248931	0.0	2	2136214 106130 6413 174
30	4016757	0.0	3	3840628 164385 7324 4420
31	5066	0.0	3	4631 345 75 15
32	1330	0.0	3	1278 48 3 1
33	4373	0.0	3	4176 177 16 4
34	4747	0.0	3	4500 234 10 3
35	2814	0.0	3	2693 115 5 1
36	922	0.0	3	890 29 3
37	1087	0.0	3	1036 49 2
38	5975	0.0	3	5764 202 9
39	7918	0.0	3	7643 263 11 1
40	551	0.0	3	521 27 3
41	1439	0.0	3	1383 51 5
42	131	0.0	3	130 1
43	199	0.0	3	187 12
44	7	0.0	3	6 1
45	581	0.0	3	378 190 13
46	8129	0.0	3	0 7592 515 22
47	1359	0.0	3	0 806 533 20
48	2455	0.0	3	0 126 2244 85
49	223	0.0	3	0 0 0 223


WARNING:
    One or more of your adapter sequences may be incomplete.
    Please see the detailed output above.
=== Step 2: Remove first 6 bases (barcode) and keep 16 nt ===
This is cutadapt 5.0 with Python 3.12.3
Command line parameters: -u 6 --length 16 --minimum-length 16 -o ./control_14_no_transposon.fastq ./step1_notransposon.fastq
Processing single-end reads on 1 core ...

=== Summary ===

Total reads processed:               6,438,334

== Read fate breakdown ==
Reads that were too short:           4,116,195 (63.9%)
Reads written (passing filters):     2,322,139 (36.1%)

Total basepairs processed:   140,259,104 bp
Total written (filtered):     37,154,224 bp (26.5%)
