/sw/arch/eb/software/QUAST/5.3.0-gfbf-2024a/bin/quast data/tmp/2_canu_assembly/paper1_e745.contigs.fasta -o data/tmp/3_quast_eval/quast_test_output

Version: 5.3.0

System information:
  OS: Linux-5.14.0-611.41.1.el9_7.x86_64-x86_64-with-glibc2.34 (linux_64)
  Python version: 3.12.3
  CPUs number: 96

Started: 2026-04-20 20:40:30

Logging to /gorilla/home/gorgis/projects/genome/Genome_Analysis_26/data/tmp/3_quast_eval/quast_test_output/quast.log
NOTICE: Maximum number of threads is set to 24 (use --threads option to set it manually)

CWD: /gorilla/home/gorgis/projects/genome/Genome_Analysis_26
Main parameters: 
  MODE: default, threads: 24, min contig length: 500, min alignment length: 65, min alignment IDY: 95.0, \
  ambiguity: one, min local misassembly length: 200, min extensive misassembly length: 1000

Contigs:
  Pre-processing...
  data/tmp/2_canu_assembly/paper1_e745.contigs.fasta ==> paper1_e745.contigs

2026-04-20 20:40:44
Running Basic statistics processor...
  Contig files: 
    paper1_e745.contigs
  Calculating N50 and L50...
    paper1_e745.contigs, N50 = 2775132, L50 = 1, auN = 2463148.1, Total length = 3147208, GC % = 37.79, # N's per 100 kbp =  0.00
  Drawing Nx plot...
    saved to /gorilla/home/gorgis/projects/genome/Genome_Analysis_26/data/tmp/3_quast_eval/quast_test_output/basic_stats/Nx_plot.pdf
  Drawing cumulative plot...
    saved to /gorilla/home/gorgis/projects/genome/Genome_Analysis_26/data/tmp/3_quast_eval/quast_test_output/basic_stats/cumulative_plot.pdf
  Drawing GC content plot...
    saved to /gorilla/home/gorgis/projects/genome/Genome_Analysis_26/data/tmp/3_quast_eval/quast_test_output/basic_stats/GC_content_plot.pdf
  Drawing paper1_e745.contigs GC content plot...
    saved to /gorilla/home/gorgis/projects/genome/Genome_Analysis_26/data/tmp/3_quast_eval/quast_test_output/basic_stats/paper1_e745.contigs_GC_content_plot.pdf
Done.

NOTICE: Genes are not predicted by default. Use --gene-finding or --glimmer option to enable it.

2026-04-20 20:40:48
Creating large visual summaries...
This may take a while: press Ctrl-C to skip this step..
  1 of 2: Creating PDF with all tables and plots...
  2 of 2: Creating Icarus viewers...
Done

2026-04-20 20:40:49
RESULTS:
  Text versions of total report are saved to /gorilla/home/gorgis/projects/genome/Genome_Analysis_26/data/tmp/3_quast_eval/quast_test_output/report.txt, report.tsv, and report.tex
  Text versions of transposed total report are saved to /gorilla/home/gorgis/projects/genome/Genome_Analysis_26/data/tmp/3_quast_eval/quast_test_output/transposed_report.txt, transposed_report.tsv, and transposed_report.tex
  HTML version (interactive tables and plots) is saved to /gorilla/home/gorgis/projects/genome/Genome_Analysis_26/data/tmp/3_quast_eval/quast_test_output/report.html
  PDF version (tables and plots) is saved to /gorilla/home/gorgis/projects/genome/Genome_Analysis_26/data/tmp/3_quast_eval/quast_test_output/report.pdf
  Icarus (contig browser) is saved to /gorilla/home/gorgis/projects/genome/Genome_Analysis_26/data/tmp/3_quast_eval/quast_test_output/icarus.html
  Log is saved to /gorilla/home/gorgis/projects/genome/Genome_Analysis_26/data/tmp/3_quast_eval/quast_test_output/quast.log

Finished: 2026-04-20 20:40:49
Elapsed time: 0:00:18.454482
NOTICEs: 2; WARNINGs: 0; non-fatal ERRORs: 0

Thank you for using QUAST!
